[2026-08-04 20:21:15] [INFO] [INFRA_SIMULATOR] s3_storage | Status: Healthy | Metrics: latency: 15.54, space: 1424, bandwidth: 82, bitbucket_space: 450, jenkins_space: 125, artifactory_space: 1451, fortify_space: 85, teamcity_space: 220, bitbucket_bandwidth: 12.89, jenkins_bandwidth: 3, artifactory_bandwidth: 65.42
[2026-08-04 20:21:25] [INFO] [INFRA_SIMULATOR] s3_storage | Status: Healthy | Metrics: latency: 15.86, space: 1424, bandwidth: 84, bitbucket_space: 450, jenkins_space: 125, artifactory_space: 1452, fortify_space: 85, teamcity_space: 220, bitbucket_bandwidth: 12.29, jenkins_bandwidth: 3.29, artifactory_bandwidth: 64.68
[2026-08-04 20:21:35] [INFO] [INFRA_SIMULATOR] s3_storage | Status: Healthy | Metrics: latency: 15.88, space: 1420, bandwidth: 86, bitbucket_space: 451, jenkins_space: 125, artifactory_space: 1452, fortify_space: 85, teamcity_space: 220, bitbucket_bandwidth: 12.66, jenkins_bandwidth: 2.99, artifactory_bandwidth: 65.11
[2026-08-04 20:21:45] [INFO] [INFRA_SIMULATOR] s3_storage | Status: Healthy | Metrics: latency: 15.1, space: 1421, bandwidth: 81, bitbucket_space: 450, jenkins_space: 125, artifactory_space: 1450, fortify_space: 85, teamcity_space: 220, bitbucket_bandwidth: 12.15, jenkins_bandwidth: 3.39, artifactory_bandwidth: 65.19
[2026-08-04 20:21:55] [INFO] [INFRA_SIMULATOR] s3_storage | Status: Healthy | Metrics: latency: 16.04, space: 1422, bandwidth: 87, bitbucket_space: 451, jenkins_space: 125, artifactory_space: 1451, fortify_space: 85, teamcity_space: 220, bitbucket_bandwidth: 12.82, jenkins_bandwidth: 3.05, artifactory_bandwidth: 65.57
[2026-08-04 20:22:05] [INFO] [INFRA_SIMULATOR] s3_storage | Status: Healthy | Metrics: latency: 14.97, space: 1420, bandwidth: 87, bitbucket_space: 451, jenkins_space: 125, artifactory_space: 1451, fortify_space: 85, teamcity_space: 220, bitbucket_bandwidth: 12.3, jenkins_bandwidth: 2.96, artifactory_bandwidth: 65.02
[2026-08-04 20:22:15] [INFO] [INFRA_SIMULATOR] s3_storage | Status: Healthy | Metrics: latency: 14.89, space: 1423, bandwidth: 82, bitbucket_space: 450, jenkins_space: 125, artifactory_space: 1451, fortify_space: 85, teamcity_space: 220, bitbucket_bandwidth: 12.3, jenkins_bandwidth: 3.11, artifactory_bandwidth: 64.31
[2026-08-04 20:22:25] [INFO] [INFRA_SIMULATOR] s3_storage | Status: Healthy | Metrics: latency: 14.76, space: 1422, bandwidth: 86, bitbucket_space: 451, jenkins_space: 125, artifactory_space: 1451, fortify_space: 85, teamcity_space: 220, bitbucket_bandwidth: 12.83, jenkins_bandwidth: 3.13, artifactory_bandwidth: 64.63
[2026-08-04 20:22:25] [INFO] [LOG_AGENT] [S3-BUCK] Performing multipart backup archiving snapshot sentinel_db_dump.sql (bandwidth: 84.5 MB/s)
[2026-08-04 20:22:35] [INFO] [INFRA_SIMULATOR] s3_storage | Status: Healthy | Metrics: latency: 14.51, space: 1423, bandwidth: 86, bitbucket_space: 450, jenkins_space: 125, artifactory_space: 1451, fortify_space: 85, teamcity_space: 220, bitbucket_bandwidth: 12.35, jenkins_bandwidth: 3.26, artifactory_bandwidth: 63.68
[2026-08-04 20:22:35] [INFO] [LOG_AGENT] [S3-BUCK] Performing multipart backup archiving snapshot sentinel_db_dump.sql (bandwidth: 84.5 MB/s)
[2026-08-04 20:22:45] [INFO] [INFRA_SIMULATOR] s3_storage | Status: Healthy | Metrics: latency: 15.56, space: 1423, bandwidth: 88, bitbucket_space: 450, jenkins_space: 125, artifactory_space: 1452, fortify_space: 85, teamcity_space: 220, bitbucket_bandwidth: 12.02, jenkins_bandwidth: 2.99, artifactory_bandwidth: 62.9
[2026-08-04 20:22:55] [INFO] [INFRA_SIMULATOR] s3_storage | Status: Healthy | Metrics: latency: 15.41, space: 1420, bandwidth: 82, bitbucket_space: 451, jenkins_space: 125, artifactory_space: 1451, fortify_space: 85, teamcity_space: 220, bitbucket_bandwidth: 12.64, jenkins_bandwidth: 3.13, artifactory_bandwidth: 65.68
[2026-08-04 20:23:05] [INFO] [INFRA_SIMULATOR] s3_storage | Status: Healthy | Metrics: latency: 15.4, space: 1424, bandwidth: 84, bitbucket_space: 451, jenkins_space: 125, artifactory_space: 1450, fortify_space: 85, teamcity_space: 220, bitbucket_bandwidth: 12.97, jenkins_bandwidth: 3.1, artifactory_bandwidth: 64.01
[2026-08-04 20:23:15] [INFO] [INFRA_SIMULATOR] s3_storage | Status: Healthy | Metrics: latency: 14.72, space: 1421, bandwidth: 84, bitbucket_space: 451, jenkins_space: 125, artifactory_space: 1450, fortify_space: 85, teamcity_space: 220, bitbucket_bandwidth: 12.4, jenkins_bandwidth: 3.14, artifactory_bandwidth: 66.17
[2026-08-04 20:23:25] [INFO] [INFRA_SIMULATOR] s3_storage | Status: Healthy | Metrics: latency: 16.24, space: 1423, bandwidth: 82, bitbucket_space: 451, jenkins_space: 125, artifactory_space: 1450, fortify_space: 85, teamcity_space: 220, bitbucket_bandwidth: 12.16, jenkins_bandwidth: 3.08, artifactory_bandwidth: 65.67
[2026-08-04 20:23:35] [INFO] [INFRA_SIMULATOR] s3_storage | Status: Healthy | Metrics: latency: 15.32, space: 1423, bandwidth: 86, bitbucket_space: 450, jenkins_space: 125, artifactory_space: 1452, fortify_space: 85, teamcity_space: 220, bitbucket_bandwidth: 12.5, jenkins_bandwidth: 3.44, artifactory_bandwidth: 64.96
[2026-08-04 20:23:45] [INFO] [INFRA_SIMULATOR] s3_storage | Status: Healthy | Metrics: latency: 15.44, space: 1424, bandwidth: 82, bitbucket_space: 450, jenkins_space: 125, artifactory_space: 1450, fortify_space: 85, teamcity_space: 220, bitbucket_bandwidth: 12.92, jenkins_bandwidth: 3.24, artifactory_bandwidth: 66.72
[2026-08-04 20:23:55] [INFO] [INFRA_SIMULATOR] s3_storage | Status: Healthy | Metrics: latency: 15.6, space: 1424, bandwidth: 86, bitbucket_space: 451, jenkins_space: 125, artifactory_space: 1450, fortify_space: 85, teamcity_space: 220, bitbucket_bandwidth: 12.75, jenkins_bandwidth: 3.22, artifactory_bandwidth: 64.73
[2026-08-04 20:23:55] [INFO] [LOG_AGENT] [S3-BUCK] Performing multipart backup archiving snapshot sentinel_db_dump.sql (bandwidth: 84.5 MB/s)
[2026-08-04 20:24:05] [INFO] [INFRA_SIMULATOR] s3_storage | Status: Healthy | Metrics: latency: 15.53, space: 1424, bandwidth: 88, bitbucket_space: 450, jenkins_space: 125, artifactory_space: 1451, fortify_space: 85, teamcity_space: 220, bitbucket_bandwidth: 12.45, jenkins_bandwidth: 3.42, artifactory_bandwidth: 62.85
[2026-08-04 20:24:15] [INFO] [INFRA_SIMULATOR] s3_storage | Status: Healthy | Metrics: latency: 15.06, space: 1422, bandwidth: 85, bitbucket_space: 451, jenkins_space: 125, artifactory_space: 1451, fortify_space: 85, teamcity_space: 220, bitbucket_bandwidth: 12.72, jenkins_bandwidth: 3.19, artifactory_bandwidth: 66.2
[2026-08-04 20:24:25] [INFO] [INFRA_SIMULATOR] s3_storage | Status: Healthy | Metrics: latency: 15.61, space: 1424, bandwidth: 88, bitbucket_space: 450, jenkins_space: 125, artifactory_space: 1450, fortify_space: 85, teamcity_space: 220, bitbucket_bandwidth: 12.66, jenkins_bandwidth: 3.4, artifactory_bandwidth: 63.85
[2026-08-04 20:24:35] [INFO] [INFRA_SIMULATOR] s3_storage | Status: Healthy | Metrics: latency: 15.85, space: 1424, bandwidth: 88, bitbucket_space: 450, jenkins_space: 125, artifactory_space: 1451, fortify_space: 85, teamcity_space: 220, bitbucket_bandwidth: 12.29, jenkins_bandwidth: 3.26, artifactory_bandwidth: 66.6
[2026-08-04 20:24:45] [INFO] [INFRA_SIMULATOR] s3_storage | Status: Healthy | Metrics: latency: 15.01, space: 1424, bandwidth: 84, bitbucket_space: 451, jenkins_space: 125, artifactory_space: 1452, fortify_space: 85, teamcity_space: 220, bitbucket_bandwidth: 12.17, jenkins_bandwidth: 3.05, artifactory_bandwidth: 64.27
[2026-08-04 20:24:45] [INFO] [LOG_AGENT] [S3-BUCK] Performing multipart backup archiving snapshot sentinel_db_dump.sql (bandwidth: 84.5 MB/s)
[2026-08-04 20:24:55] [INFO] [INFRA_SIMULATOR] s3_storage | Status: Healthy | Metrics: latency: 14.63, space: 1424, bandwidth: 83, bitbucket_space: 451, jenkins_space: 125, artifactory_space: 1451, fortify_space: 85, teamcity_space: 220, bitbucket_bandwidth: 12.24, jenkins_bandwidth: 3.07, artifactory_bandwidth: 66.33
[2026-08-04 20:24:55] [INFO] [LOG_AGENT] [S3-BUCK] Performing multipart backup archiving snapshot sentinel_db_dump.sql (bandwidth: 84.5 MB/s)
[2026-08-04 20:25:05] [INFO] [INFRA_SIMULATOR] s3_storage | Status: Healthy | Metrics: latency: 16.13, space: 1424, bandwidth: 85, bitbucket_space: 450, jenkins_space: 125, artifactory_space: 1452, fortify_space: 85, teamcity_space: 220, bitbucket_bandwidth: 13, jenkins_bandwidth: 3.45, artifactory_bandwidth: 64.14
[2026-08-04 20:25:15] [INFO] [INFRA_SIMULATOR] s3_storage | Status: Healthy | Metrics: latency: 15.65, space: 1423, bandwidth: 85, bitbucket_space: 451, jenkins_space: 125, artifactory_space: 1450, fortify_space: 85, teamcity_space: 220, bitbucket_bandwidth: 12.62, jenkins_bandwidth: 3.36, artifactory_bandwidth: 64.51
[2026-08-04 20:25:25] [INFO] [INFRA_SIMULATOR] s3_storage | Status: Healthy | Metrics: latency: 14.65, space: 1424, bandwidth: 86, bitbucket_space: 451, jenkins_space: 125, artifactory_space: 1451, fortify_space: 85, teamcity_space: 220, bitbucket_bandwidth: 12.92, jenkins_bandwidth: 3.05, artifactory_bandwidth: 65.2
[2026-08-04 20:25:35] [INFO] [INFRA_SIMULATOR] s3_storage | Status: Healthy | Metrics: latency: 15.96, space: 1420, bandwidth: 82, bitbucket_space: 450, jenkins_space: 125, artifactory_space: 1452, fortify_space: 85, teamcity_space: 220, bitbucket_bandwidth: 12.36, jenkins_bandwidth: 3.24, artifactory_bandwidth: 64.1
[2026-08-04 20:25:45] [INFO] [INFRA_SIMULATOR] s3_storage | Status: Healthy | Metrics: latency: 16.05, space: 1423, bandwidth: 88, bitbucket_space: 451, jenkins_space: 125, artifactory_space: 1451, fortify_space: 85, teamcity_space: 220, bitbucket_bandwidth: 12.74, jenkins_bandwidth: 2.96, artifactory_bandwidth: 65.32
[2026-08-04 20:25:55] [INFO] [INFRA_SIMULATOR] s3_storage | Status: Healthy | Metrics: latency: 14.65, space: 1421, bandwidth: 86, bitbucket_space: 450, jenkins_space: 125, artifactory_space: 1451, fortify_space: 85, teamcity_space: 220, bitbucket_bandwidth: 12.82, jenkins_bandwidth: 3.18, artifactory_bandwidth: 64.19
[2026-08-04 20:26:05] [INFO] [INFRA_SIMULATOR] s3_storage | Status: Healthy | Metrics: latency: 15.43, space: 1420, bandwidth: 82, bitbucket_space: 451, jenkins_space: 125, artifactory_space: 1452, fortify_space: 85, teamcity_space: 220, bitbucket_bandwidth: 12.9, jenkins_bandwidth: 3.12, artifactory_bandwidth: 66.57
[2026-08-04 20:26:15] [INFO] [INFRA_SIMULATOR] s3_storage | Status: Healthy | Metrics: latency: 14.62, space: 1422, bandwidth: 85, bitbucket_space: 451, jenkins_space: 125, artifactory_space: 1452, fortify_space: 85, teamcity_space: 220, bitbucket_bandwidth: 12.46, jenkins_bandwidth: 3.26, artifactory_bandwidth: 65.81
[2026-08-04 20:26:15] [INFO] [LOG_AGENT] [S3-BUCK] Performing multipart backup archiving snapshot sentinel_db_dump.sql (bandwidth: 84.5 MB/s)
[2026-08-04 20:26:25] [INFO] [INFRA_SIMULATOR] s3_storage | Status: Healthy | Metrics: latency: 14.52, space: 1423, bandwidth: 82, bitbucket_space: 450, jenkins_space: 125, artifactory_space: 1452, fortify_space: 85, teamcity_space: 220, bitbucket_bandwidth: 12.58, jenkins_bandwidth: 3.42, artifactory_bandwidth: 65.07
[2026-08-04 20:26:25] [INFO] [LOG_AGENT] [S3-BUCK] Performing multipart backup archiving snapshot sentinel_db_dump.sql (bandwidth: 84.5 MB/s)
[2026-08-04 20:26:35] [INFO] [INFRA_SIMULATOR] s3_storage | Status: Healthy | Metrics: latency: 16.21, space: 1423, bandwidth: 86, bitbucket_space: 451, jenkins_space: 125, artifactory_space: 1450, fortify_space: 85, teamcity_space: 220, bitbucket_bandwidth: 12.34, jenkins_bandwidth: 3.12, artifactory_bandwidth: 65.69
[2026-08-04 20:26:45] [INFO] [INFRA_SIMULATOR] s3_storage | Status: Healthy | Metrics: latency: 16.28, space: 1423, bandwidth: 81, bitbucket_space: 450, jenkins_space: 125, artifactory_space: 1450, fortify_space: 85, teamcity_space: 220, bitbucket_bandwidth: 12.54, jenkins_bandwidth: 3.23, artifactory_bandwidth: 66.02
[2026-08-04 20:26:55] [INFO] [INFRA_SIMULATOR] s3_storage | Status: Healthy | Metrics: latency: 16.11, space: 1420, bandwidth: 83, bitbucket_space: 450, jenkins_space: 125, artifactory_space: 1452, fortify_space: 85, teamcity_space: 220, bitbucket_bandwidth: 12.69, jenkins_bandwidth: 3.03, artifactory_bandwidth: 62.92
[2026-08-04 20:27:05] [INFO] [INFRA_SIMULATOR] s3_storage | Status: Healthy | Metrics: latency: 15.57, space: 1421, bandwidth: 81, bitbucket_space: 451, jenkins_space: 125, artifactory_space: 1451, fortify_space: 85, teamcity_space: 220, bitbucket_bandwidth: 12.26, jenkins_bandwidth: 3.26, artifactory_bandwidth: 64.21
[2026-08-04 20:27:15] [INFO] [INFRA_SIMULATOR] s3_storage | Status: Healthy | Metrics: latency: 14.43, space: 1422, bandwidth: 86, bitbucket_space: 451, jenkins_space: 125, artifactory_space: 1452, fortify_space: 85, teamcity_space: 220, bitbucket_bandwidth: 12.79, jenkins_bandwidth: 3.21, artifactory_bandwidth: 66.09
[2026-08-04 20:27:15] [INFO] [LOG_AGENT] [S3-BUCK] Performing multipart backup archiving snapshot sentinel_db_dump.sql (bandwidth: 84.5 MB/s)
[2026-08-04 20:27:25] [INFO] [INFRA_SIMULATOR] s3_storage | Status: Healthy | Metrics: latency: 14.66, space: 1424, bandwidth: 85, bitbucket_space: 450, jenkins_space: 125, artifactory_space: 1452, fortify_space: 85, teamcity_space: 220, bitbucket_bandwidth: 12.3, jenkins_bandwidth: 3.22, artifactory_bandwidth: 62.87
[2026-08-04 20:27:35] [INFO] [INFRA_SIMULATOR] s3_storage | Status: Healthy | Metrics: latency: 16.31, space: 1420, bandwidth: 88, bitbucket_space: 451, jenkins_space: 125, artifactory_space: 1451, fortify_space: 85, teamcity_space: 220, bitbucket_bandwidth: 12.08, jenkins_bandwidth: 3.14, artifactory_bandwidth: 64.79
[2026-08-04 20:27:45] [INFO] [INFRA_SIMULATOR] s3_storage | Status: Healthy | Metrics: latency: 15.05, space: 1423, bandwidth: 81, bitbucket_space: 451, jenkins_space: 125, artifactory_space: 1450, fortify_space: 85, teamcity_space: 220, bitbucket_bandwidth: 12.26, jenkins_bandwidth: 3.12, artifactory_bandwidth: 66.46
[2026-08-04 20:27:45] [INFO] [LOG_AGENT] [S3-BUCK] Performing multipart backup archiving snapshot sentinel_db_dump.sql (bandwidth: 84.5 MB/s)
[2026-08-04 20:27:55] [INFO] [INFRA_SIMULATOR] s3_storage | Status: Healthy | Metrics: latency: 16, space: 1424, bandwidth: 81, bitbucket_space: 450, jenkins_space: 125, artifactory_space: 1450, fortify_space: 85, teamcity_space: 220, bitbucket_bandwidth: 12.72, jenkins_bandwidth: 3.43, artifactory_bandwidth: 65.89
[2026-08-04 20:28:05] [INFO] [INFRA_SIMULATOR] s3_storage | Status: Healthy | Metrics: latency: 14.6, space: 1421, bandwidth: 82, bitbucket_space: 451, jenkins_space: 125, artifactory_space: 1451, fortify_space: 85, teamcity_space: 220, bitbucket_bandwidth: 12.05, jenkins_bandwidth: 3.16, artifactory_bandwidth: 62.82
[2026-08-04 20:28:06] [INFO] [LOG_AGENT] [S3-BUCK] Performing multipart backup archiving snapshot sentinel_db_dump.sql (bandwidth: 84.5 MB/s)
[2026-08-04 20:28:15] [INFO] [INFRA_SIMULATOR] s3_storage | Status: Healthy | Metrics: latency: 15.28, space: 1420, bandwidth: 82, bitbucket_space: 451, jenkins_space: 125, artifactory_space: 1450, fortify_space: 85, teamcity_space: 220, bitbucket_bandwidth: 12.13, jenkins_bandwidth: 3.03, artifactory_bandwidth: 63.87
[2026-08-04 20:28:25] [INFO] [INFRA_SIMULATOR] s3_storage | Status: Healthy | Metrics: latency: 15.58, space: 1423, bandwidth: 83, bitbucket_space: 450, jenkins_space: 125, artifactory_space: 1452, fortify_space: 85, teamcity_space: 220, bitbucket_bandwidth: 13, jenkins_bandwidth: 3.29, artifactory_bandwidth: 65.17
[2026-08-04 20:28:37] [INFO] [INFRA_SIMULATOR] s3_storage | Status: Healthy | Metrics: latency: 16.17, space: 1422, bandwidth: 87, bitbucket_space: 450, jenkins_space: 125, artifactory_space: 1451, fortify_space: 85, teamcity_space: 220, bitbucket_bandwidth: 12.37, jenkins_bandwidth: 2.96, artifactory_bandwidth: 65.62
[2026-08-04 20:28:47] [INFO] [INFRA_SIMULATOR] s3_storage | Status: Healthy | Metrics: latency: 15.09, space: 1422, bandwidth: 82, bitbucket_space: 451, jenkins_space: 125, artifactory_space: 1451, fortify_space: 85, teamcity_space: 220, bitbucket_bandwidth: 12.39, jenkins_bandwidth: 3.23, artifactory_bandwidth: 66.4
[2026-08-04 20:28:48] [INFO] [LOG_AGENT] [S3-BUCK] Performing multipart backup archiving snapshot sentinel_db_dump.sql (bandwidth: 84.5 MB/s)
[2026-08-04 20:28:57] [INFO] [INFRA_SIMULATOR] s3_storage | Status: Healthy | Metrics: latency: 15.64, space: 1424, bandwidth: 85, bitbucket_space: 451, jenkins_space: 125, artifactory_space: 1452, fortify_space: 85, teamcity_space: 220, bitbucket_bandwidth: 12.16, jenkins_bandwidth: 2.97, artifactory_bandwidth: 64.83
[2026-08-04 20:28:58] [INFO] [LOG_AGENT] [S3-BUCK] Performing multipart backup archiving snapshot sentinel_db_dump.sql (bandwidth: 84.5 MB/s)
[2026-08-04 20:29:08] [INFO] [INFRA_SIMULATOR] s3_storage | Status: Healthy | Metrics: latency: 14.5, space: 1420, bandwidth: 88, bitbucket_space: 451, jenkins_space: 125, artifactory_space: 1452, fortify_space: 85, teamcity_space: 220, bitbucket_bandwidth: 12.37, jenkins_bandwidth: 3.23, artifactory_bandwidth: 63.54
[2026-08-04 20:29:17] [INFO] [INFRA_SIMULATOR] s3_storage | Status: Healthy | Metrics: latency: 15.77, space: 1424, bandwidth: 83, bitbucket_space: 450, jenkins_space: 125, artifactory_space: 1452, fortify_space: 85, teamcity_space: 220, bitbucket_bandwidth: 12.22, jenkins_bandwidth: 2.97, artifactory_bandwidth: 62.92
[2026-08-04 20:29:28] [INFO] [INFRA_SIMULATOR] s3_storage | Status: Healthy | Metrics: latency: 15.54, space: 1424, bandwidth: 81, bitbucket_space: 450, jenkins_space: 125, artifactory_space: 1450, fortify_space: 85, teamcity_space: 220, bitbucket_bandwidth: 12, jenkins_bandwidth: 3.44, artifactory_bandwidth: 63.82
[2026-08-04 20:29:28] [INFO] [LOG_AGENT] [S3-BUCK] Performing multipart backup archiving snapshot sentinel_db_dump.sql (bandwidth: 84.5 MB/s)
[2026-08-04 20:29:38] [INFO] [INFRA_SIMULATOR] s3_storage | Status: Healthy | Metrics: latency: 15.99, space: 1422, bandwidth: 87, bitbucket_space: 450, jenkins_space: 125, artifactory_space: 1451, fortify_space: 85, teamcity_space: 220, bitbucket_bandwidth: 12.31, jenkins_bandwidth: 2.99, artifactory_bandwidth: 63.68
[2026-08-04 20:29:48] [INFO] [INFRA_SIMULATOR] s3_storage | Status: Healthy | Metrics: latency: 14.67, space: 1423, bandwidth: 86, bitbucket_space: 451, jenkins_space: 125, artifactory_space: 1451, fortify_space: 85, teamcity_space: 220, bitbucket_bandwidth: 12.94, jenkins_bandwidth: 3.01, artifactory_bandwidth: 63.63
[2026-08-04 20:29:58] [INFO] [INFRA_SIMULATOR] s3_storage | Status: Healthy | Metrics: latency: 14.96, space: 1422, bandwidth: 87, bitbucket_space: 450, jenkins_space: 125, artifactory_space: 1450, fortify_space: 85, teamcity_space: 220, bitbucket_bandwidth: 12.99, jenkins_bandwidth: 3.17, artifactory_bandwidth: 64.99
[2026-08-04 20:30:08] [INFO] [INFRA_SIMULATOR] s3_storage | Status: Healthy | Metrics: latency: 15.16, space: 1424, bandwidth: 81, bitbucket_space: 450, jenkins_space: 125, artifactory_space: 1451, fortify_space: 85, teamcity_space: 220, bitbucket_bandwidth: 12.47, jenkins_bandwidth: 3.02, artifactory_bandwidth: 64.71
[2026-08-04 20:30:18] [INFO] [INFRA_SIMULATOR] s3_storage | Status: Healthy | Metrics: latency: 15.47, space: 1420, bandwidth: 81, bitbucket_space: 450, jenkins_space: 125, artifactory_space: 1450, fortify_space: 85, teamcity_space: 220, bitbucket_bandwidth: 12.33, jenkins_bandwidth: 3.07, artifactory_bandwidth: 66.6
[2026-08-04 20:30:18] [INFO] [LOG_AGENT] [S3-BUCK] Performing multipart backup archiving snapshot sentinel_db_dump.sql (bandwidth: 84.5 MB/s)
[2026-08-04 20:30:28] [INFO] [INFRA_SIMULATOR] s3_storage | Status: Healthy | Metrics: latency: 14.43, space: 1421, bandwidth: 83, bitbucket_space: 451, jenkins_space: 125, artifactory_space: 1452, fortify_space: 85, teamcity_space: 220, bitbucket_bandwidth: 12.36, jenkins_bandwidth: 3.4, artifactory_bandwidth: 64.22
[2026-08-04 20:30:38] [INFO] [INFRA_SIMULATOR] s3_storage | Status: Healthy | Metrics: latency: 14.53, space: 1424, bandwidth: 83, bitbucket_space: 450, jenkins_space: 125, artifactory_space: 1452, fortify_space: 85, teamcity_space: 220, bitbucket_bandwidth: 12.52, jenkins_bandwidth: 3.29, artifactory_bandwidth: 65.88
[2026-08-04 20:30:48] [INFO] [INFRA_SIMULATOR] s3_storage | Status: Healthy | Metrics: latency: 14.46, space: 1424, bandwidth: 83, bitbucket_space: 450, jenkins_space: 125, artifactory_space: 1450, fortify_space: 85, teamcity_space: 220, bitbucket_bandwidth: 12.1, jenkins_bandwidth: 3.23, artifactory_bandwidth: 64.03
[2026-08-04 20:30:58] [INFO] [INFRA_SIMULATOR] s3_storage | Status: Healthy | Metrics: latency: 15.45, space: 1422, bandwidth: 84, bitbucket_space: 451, jenkins_space: 125, artifactory_space: 1450, fortify_space: 85, teamcity_space: 220, bitbucket_bandwidth: 12.38, jenkins_bandwidth: 3.25, artifactory_bandwidth: 62.96
[2026-08-04 20:31:08] [INFO] [INFRA_SIMULATOR] s3_storage | Status: Healthy | Metrics: latency: 15.91, space: 1421, bandwidth: 87, bitbucket_space: 450, jenkins_space: 125, artifactory_space: 1450, fortify_space: 85, teamcity_space: 220, bitbucket_bandwidth: 12.9, jenkins_bandwidth: 3.22, artifactory_bandwidth: 63.87
[2026-08-04 20:31:17] [INFO] [INFRA_SIMULATOR] s3_storage | Status: Healthy | Metrics: latency: 16.28, space: 1424, bandwidth: 87, bitbucket_space: 450, jenkins_space: 125, artifactory_space: 1450, fortify_space: 85, teamcity_space: 220, bitbucket_bandwidth: 12.06, jenkins_bandwidth: 3.16, artifactory_bandwidth: 63.76
[2026-08-04 20:31:18] [INFO] [LOG_AGENT] [S3-BUCK] Performing multipart backup archiving snapshot sentinel_db_dump.sql (bandwidth: 84.5 MB/s)
[2026-08-04 20:31:28] [INFO] [INFRA_SIMULATOR] s3_storage | Status: Healthy | Metrics: latency: 14.78, space: 1422, bandwidth: 82, bitbucket_space: 451, jenkins_space: 125, artifactory_space: 1452, fortify_space: 85, teamcity_space: 220, bitbucket_bandwidth: 12.21, jenkins_bandwidth: 3, artifactory_bandwidth: 63.85
[2026-08-04 20:31:28] [INFO] [LOG_AGENT] [S3-BUCK] Performing multipart backup archiving snapshot sentinel_db_dump.sql (bandwidth: 84.5 MB/s)
[2026-08-04 20:31:38] [INFO] [INFRA_SIMULATOR] s3_storage | Status: Healthy | Metrics: latency: 15.43, space: 1424, bandwidth: 81, bitbucket_space: 450, jenkins_space: 125, artifactory_space: 1450, fortify_space: 85, teamcity_space: 220, bitbucket_bandwidth: 12.86, jenkins_bandwidth: 3.25, artifactory_bandwidth: 66.29
[2026-08-04 20:31:47] [INFO] [INFRA_SIMULATOR] s3_storage | Status: Healthy | Metrics: latency: 16.38, space: 1424, bandwidth: 83, bitbucket_space: 451, jenkins_space: 125, artifactory_space: 1452, fortify_space: 85, teamcity_space: 220, bitbucket_bandwidth: 12.91, jenkins_bandwidth: 3.42, artifactory_bandwidth: 63.63
[2026-08-04 20:31:58] [INFO] [INFRA_SIMULATOR] s3_storage | Status: Healthy | Metrics: latency: 14.48, space: 1423, bandwidth: 81, bitbucket_space: 451, jenkins_space: 125, artifactory_space: 1451, fortify_space: 85, teamcity_space: 220, bitbucket_bandwidth: 12.83, jenkins_bandwidth: 3.41, artifactory_bandwidth: 65.38
[2026-08-04 20:32:08] [INFO] [INFRA_SIMULATOR] s3_storage | Status: Healthy | Metrics: latency: 15.24, space: 1423, bandwidth: 84, bitbucket_space: 450, jenkins_space: 125, artifactory_space: 1450, fortify_space: 85, teamcity_space: 220, bitbucket_bandwidth: 12.93, jenkins_bandwidth: 3.32, artifactory_bandwidth: 64.55
[2026-08-04 20:32:17] [INFO] [INFRA_SIMULATOR] s3_storage | Status: Healthy | Metrics: latency: 16.12, space: 1424, bandwidth: 83, bitbucket_space: 451, jenkins_space: 125, artifactory_space: 1452, fortify_space: 85, teamcity_space: 220, bitbucket_bandwidth: 12.84, jenkins_bandwidth: 3.01, artifactory_bandwidth: 65.73
[2026-08-04 20:32:27] [INFO] [INFRA_SIMULATOR] s3_storage | Status: Healthy | Metrics: latency: 15.95, space: 1424, bandwidth: 88, bitbucket_space: 451, jenkins_space: 125, artifactory_space: 1450, fortify_space: 85, teamcity_space: 220, bitbucket_bandwidth: 12.92, jenkins_bandwidth: 3.34, artifactory_bandwidth: 66.62
[2026-08-04 20:32:28] [INFO] [LOG_AGENT] [S3-BUCK] Performing multipart backup archiving snapshot sentinel_db_dump.sql (bandwidth: 84.5 MB/s)
[2026-08-04 20:32:37] [INFO] [INFRA_SIMULATOR] s3_storage | Status: Healthy | Metrics: latency: 15.33, space: 1423, bandwidth: 82, bitbucket_space: 451, jenkins_space: 125, artifactory_space: 1451, fortify_space: 85, teamcity_space: 220, bitbucket_bandwidth: 12.36, jenkins_bandwidth: 3.45, artifactory_bandwidth: 65.13
[2026-08-04 20:32:47] [INFO] [INFRA_SIMULATOR] s3_storage | Status: Healthy | Metrics: latency: 14.92, space: 1424, bandwidth: 85, bitbucket_space: 451, jenkins_space: 125, artifactory_space: 1450, fortify_space: 85, teamcity_space: 220, bitbucket_bandwidth: 12.41, jenkins_bandwidth: 3.26, artifactory_bandwidth: 64.64
[2026-08-04 20:32:58] [INFO] [INFRA_SIMULATOR] s3_storage | Status: Healthy | Metrics: latency: 15.64, space: 1423, bandwidth: 87, bitbucket_space: 451, jenkins_space: 125, artifactory_space: 1451, fortify_space: 85, teamcity_space: 220, bitbucket_bandwidth: 12.35, jenkins_bandwidth: 3.25, artifactory_bandwidth: 63.37
[2026-08-04 20:33:08] [INFO] [INFRA_SIMULATOR] s3_storage | Status: Healthy | Metrics: latency: 14.57, space: 1420, bandwidth: 83, bitbucket_space: 450, jenkins_space: 125, artifactory_space: 1451, fortify_space: 85, teamcity_space: 220, bitbucket_bandwidth: 12.18, jenkins_bandwidth: 3.25, artifactory_bandwidth: 65.34
[2026-08-04 20:33:17] [INFO] [INFRA_SIMULATOR] s3_storage | Status: Healthy | Metrics: latency: 15.22, space: 1422, bandwidth: 84, bitbucket_space: 450, jenkins_space: 125, artifactory_space: 1452, fortify_space: 85, teamcity_space: 220, bitbucket_bandwidth: 12.08, jenkins_bandwidth: 2.97, artifactory_bandwidth: 63.55
[2026-08-04 20:33:27] [INFO] [INFRA_SIMULATOR] s3_storage | Status: Healthy | Metrics: latency: 15.05, space: 1424, bandwidth: 88, bitbucket_space: 451, jenkins_space: 125, artifactory_space: 1452, fortify_space: 85, teamcity_space: 220, bitbucket_bandwidth: 12.83, jenkins_bandwidth: 3.4, artifactory_bandwidth: 64.1
[2026-08-04 20:33:37] [INFO] [INFRA_SIMULATOR] s3_storage | Status: Healthy | Metrics: latency: 15.15, space: 1424, bandwidth: 84, bitbucket_space: 450, jenkins_space: 125, artifactory_space: 1451, fortify_space: 85, teamcity_space: 220, bitbucket_bandwidth: 12.19, jenkins_bandwidth: 3.38, artifactory_bandwidth: 66.17
[2026-08-04 20:33:38] [INFO] [LOG_AGENT] [S3-BUCK] Performing multipart backup archiving snapshot sentinel_db_dump.sql (bandwidth: 84.5 MB/s)
[2026-08-04 20:33:48] [INFO] [INFRA_SIMULATOR] s3_storage | Status: Healthy | Metrics: latency: 15.33, space: 1420, bandwidth: 87, bitbucket_space: 451, jenkins_space: 125, artifactory_space: 1450, fortify_space: 85, teamcity_space: 220, bitbucket_bandwidth: 12.73, jenkins_bandwidth: 3.07, artifactory_bandwidth: 63.77
[2026-08-04 20:33:58] [INFO] [INFRA_SIMULATOR] s3_storage | Status: Healthy | Metrics: latency: 16.15, space: 1422, bandwidth: 81, bitbucket_space: 450, jenkins_space: 125, artifactory_space: 1450, fortify_space: 85, teamcity_space: 220, bitbucket_bandwidth: 12.36, jenkins_bandwidth: 3.43, artifactory_bandwidth: 64.88
[2026-08-04 20:34:08] [INFO] [INFRA_SIMULATOR] s3_storage | Status: Healthy | Metrics: latency: 16.02, space: 1420, bandwidth: 83, bitbucket_space: 450, jenkins_space: 125, artifactory_space: 1451, fortify_space: 85, teamcity_space: 220, bitbucket_bandwidth: 12.89, jenkins_bandwidth: 3.29, artifactory_bandwidth: 63.67
[2026-08-04 20:34:17] [INFO] [INFRA_SIMULATOR] s3_storage | Status: Healthy | Metrics: latency: 14.45, space: 1424, bandwidth: 81, bitbucket_space: 451, jenkins_space: 125, artifactory_space: 1452, fortify_space: 85, teamcity_space: 220, bitbucket_bandwidth: 12.45, jenkins_bandwidth: 3.38, artifactory_bandwidth: 66.71
[2026-08-04 20:34:28] [INFO] [INFRA_SIMULATOR] s3_storage | Status: Healthy | Metrics: latency: 15.01, space: 1422, bandwidth: 82, bitbucket_space: 450, jenkins_space: 125, artifactory_space: 1451, fortify_space: 85, teamcity_space: 220, bitbucket_bandwidth: 12.05, jenkins_bandwidth: 3.42, artifactory_bandwidth: 64.06
[2026-08-04 20:34:28] [INFO] [LOG_AGENT] [S3-BUCK] Performing multipart backup archiving snapshot sentinel_db_dump.sql (bandwidth: 84.5 MB/s)
