[2026-08-04 20:18:05] [INFO] [INFRA_SIMULATOR] network_latency | Status: Healthy | Metrics: packetLoss: 0, latency_ms: 1.9, jitter: 0.27
[2026-08-04 20:18:15] [INFO] [INFRA_SIMULATOR] network_latency | Status: Healthy | Metrics: packetLoss: 0, latency_ms: 1.61, jitter: -0.1
[2026-08-04 20:18:25] [INFO] [INFRA_SIMULATOR] network_latency | Status: Healthy | Metrics: packetLoss: 0, latency_ms: 1.17, jitter: 0.36
[2026-08-04 20:18:35] [INFO] [INFRA_SIMULATOR] network_latency | Status: Healthy | Metrics: packetLoss: 0, latency_ms: 2.22, jitter: 0.36
[2026-08-04 20:18:45] [INFO] [INFRA_SIMULATOR] network_latency | Status: Healthy | Metrics: packetLoss: 0, latency_ms: 2.19, jitter: 0.1
[2026-08-04 20:18:55] [INFO] [INFRA_SIMULATOR] network_latency | Status: Healthy | Metrics: packetLoss: 0, latency_ms: 2.13, jitter: 0.27
[2026-08-04 20:19:05] [INFO] [INFRA_SIMULATOR] network_latency | Status: Healthy | Metrics: packetLoss: 0, latency_ms: 0.31, jitter: 0.25
[2026-08-04 20:19:15] [INFO] [INFRA_SIMULATOR] network_latency | Status: Healthy | Metrics: packetLoss: 0, latency_ms: 1.97, jitter: 0.23
[2026-08-04 20:19:25] [INFO] [INFRA_SIMULATOR] network_latency | Status: Healthy | Metrics: packetLoss: 0, latency_ms: 1.09, jitter: 0.05
[2026-08-04 20:19:35] [INFO] [INFRA_SIMULATOR] network_latency | Status: Healthy | Metrics: packetLoss: 0, latency_ms: 0.39, jitter: 0.27
[2026-08-04 20:19:45] [INFO] [INFRA_SIMULATOR] network_latency | Status: Healthy | Metrics: packetLoss: 0, latency_ms: 2.11, jitter: -0.06
[2026-08-04 20:19:55] [INFO] [INFRA_SIMULATOR] network_latency | Status: Healthy | Metrics: packetLoss: 0, latency_ms: 1.3, jitter: 0.09
[2026-08-04 20:20:05] [INFO] [INFRA_SIMULATOR] network_latency | Status: Healthy | Metrics: packetLoss: 0, latency_ms: 1.13, jitter: -0.04
[2026-08-04 20:20:15] [INFO] [INFRA_SIMULATOR] network_latency | Status: Healthy | Metrics: packetLoss: 0, latency_ms: 1.34, jitter: 0.22
[2026-08-04 20:20:25] [INFO] [INFRA_SIMULATOR] network_latency | Status: Healthy | Metrics: packetLoss: 0, latency_ms: 2.15, jitter: 0.17
[2026-08-04 20:20:35] [INFO] [INFRA_SIMULATOR] network_latency | Status: Healthy | Metrics: packetLoss: 0, latency_ms: 1.15, jitter: 0.21
[2026-08-04 20:20:45] [INFO] [INFRA_SIMULATOR] network_latency | Status: Healthy | Metrics: packetLoss: 0, latency_ms: 1.41, jitter: 0.05
[2026-08-04 20:20:55] [INFO] [INFRA_SIMULATOR] network_latency | Status: Healthy | Metrics: packetLoss: 0, latency_ms: 1.44, jitter: 0.23
[2026-08-04 20:21:05] [INFO] [INFRA_SIMULATOR] network_latency | Status: Healthy | Metrics: packetLoss: 0, latency_ms: 2.13, jitter: -0.05
[2026-08-04 20:21:15] [INFO] [INFRA_SIMULATOR] network_latency | Status: Healthy | Metrics: packetLoss: 0, latency_ms: 1.1, jitter: 0.03
[2026-08-04 20:21:25] [INFO] [INFRA_SIMULATOR] network_latency | Status: Healthy | Metrics: packetLoss: 0, latency_ms: 1.52, jitter: 0
[2026-08-04 20:21:35] [INFO] [INFRA_SIMULATOR] network_latency | Status: Healthy | Metrics: packetLoss: 0, latency_ms: 0.82, jitter: 0.35
[2026-08-04 20:21:45] [INFO] [INFRA_SIMULATOR] network_latency | Status: Healthy | Metrics: packetLoss: 0, latency_ms: 1.25, jitter: 0
[2026-08-04 20:21:55] [INFO] [INFRA_SIMULATOR] network_latency | Status: Healthy | Metrics: packetLoss: 0, latency_ms: 0.97, jitter: 0.15
[2026-08-04 20:22:05] [INFO] [INFRA_SIMULATOR] network_latency | Status: Healthy | Metrics: packetLoss: 0, latency_ms: 1.46, jitter: 0.21
[2026-08-04 20:22:15] [INFO] [INFRA_SIMULATOR] network_latency | Status: Healthy | Metrics: packetLoss: 0, latency_ms: 1.76, jitter: -0.09
[2026-08-04 20:22:25] [INFO] [INFRA_SIMULATOR] network_latency | Status: Healthy | Metrics: packetLoss: 0, latency_ms: 1.57, jitter: -0.09
[2026-08-04 20:22:35] [INFO] [INFRA_SIMULATOR] network_latency | Status: Healthy | Metrics: packetLoss: 0, latency_ms: 0.56, jitter: 0.1
[2026-08-04 20:22:45] [INFO] [INFRA_SIMULATOR] network_latency | Status: Healthy | Metrics: packetLoss: 0, latency_ms: 1.83, jitter: 0.17
[2026-08-04 20:22:55] [INFO] [INFRA_SIMULATOR] network_latency | Status: Healthy | Metrics: packetLoss: 0, latency_ms: 1.5, jitter: 0.09
[2026-08-04 20:23:05] [INFO] [INFRA_SIMULATOR] network_latency | Status: Healthy | Metrics: packetLoss: 0, latency_ms: 1.43, jitter: -0.09
[2026-08-04 20:23:15] [INFO] [INFRA_SIMULATOR] network_latency | Status: Healthy | Metrics: packetLoss: 0, latency_ms: 1.74, jitter: 0.29
[2026-08-04 20:23:25] [INFO] [INFRA_SIMULATOR] network_latency | Status: Healthy | Metrics: packetLoss: 0, latency_ms: 1.66, jitter: -0.1
[2026-08-04 20:23:35] [INFO] [INFRA_SIMULATOR] network_latency | Status: Healthy | Metrics: packetLoss: 0, latency_ms: 0.84, jitter: 0.09
[2026-08-04 20:23:45] [INFO] [INFRA_SIMULATOR] network_latency | Status: Healthy | Metrics: packetLoss: 0, latency_ms: 0.42, jitter: 0.07
[2026-08-04 20:23:55] [INFO] [INFRA_SIMULATOR] network_latency | Status: Healthy | Metrics: packetLoss: 0, latency_ms: 1.56, jitter: 0.04
[2026-08-04 20:24:05] [INFO] [INFRA_SIMULATOR] network_latency | Status: Healthy | Metrics: packetLoss: 0, latency_ms: 2.21, jitter: 0.12
[2026-08-04 20:24:15] [INFO] [INFRA_SIMULATOR] network_latency | Status: Healthy | Metrics: packetLoss: 0, latency_ms: 2.01, jitter: 0.28
[2026-08-04 20:24:25] [INFO] [INFRA_SIMULATOR] network_latency | Status: Healthy | Metrics: packetLoss: 0, latency_ms: 1.79, jitter: 0.11
[2026-08-04 20:24:35] [INFO] [INFRA_SIMULATOR] network_latency | Status: Healthy | Metrics: packetLoss: 0, latency_ms: 2.01, jitter: -0.08
[2026-08-04 20:24:45] [INFO] [INFRA_SIMULATOR] network_latency | Status: Healthy | Metrics: packetLoss: 0, latency_ms: 1.87, jitter: 0.26
[2026-08-04 20:24:55] [INFO] [INFRA_SIMULATOR] network_latency | Status: Healthy | Metrics: packetLoss: 0, latency_ms: 1.6, jitter: 0.06
[2026-08-04 20:25:05] [INFO] [INFRA_SIMULATOR] network_latency | Status: Healthy | Metrics: packetLoss: 0, latency_ms: 1.24, jitter: 0.23
[2026-08-04 20:25:15] [INFO] [INFRA_SIMULATOR] network_latency | Status: Healthy | Metrics: packetLoss: 0, latency_ms: 1.46, jitter: -0.04
[2026-08-04 20:25:25] [INFO] [INFRA_SIMULATOR] network_latency | Status: Healthy | Metrics: packetLoss: 0, latency_ms: 1.52, jitter: 0.36
[2026-08-04 20:25:35] [INFO] [INFRA_SIMULATOR] network_latency | Status: Healthy | Metrics: packetLoss: 0, latency_ms: 0.57, jitter: 0.04
[2026-08-04 20:25:45] [INFO] [INFRA_SIMULATOR] network_latency | Status: Healthy | Metrics: packetLoss: 0, latency_ms: 1.79, jitter: 0.01
[2026-08-04 20:25:55] [INFO] [INFRA_SIMULATOR] network_latency | Status: Healthy | Metrics: packetLoss: 0, latency_ms: 0.97, jitter: 0.39
[2026-08-04 20:26:05] [INFO] [INFRA_SIMULATOR] network_latency | Status: Healthy | Metrics: packetLoss: 0, latency_ms: 2.2, jitter: 0.4
[2026-08-04 20:26:15] [INFO] [INFRA_SIMULATOR] network_latency | Status: Healthy | Metrics: packetLoss: 0, latency_ms: 1.68, jitter: 0.23
[2026-08-04 20:26:25] [INFO] [INFRA_SIMULATOR] network_latency | Status: Healthy | Metrics: packetLoss: 0, latency_ms: 1.97, jitter: 0.05
[2026-08-04 20:26:35] [INFO] [INFRA_SIMULATOR] network_latency | Status: Healthy | Metrics: packetLoss: 0, latency_ms: 0.37, jitter: 0.01
[2026-08-04 20:26:45] [INFO] [INFRA_SIMULATOR] network_latency | Status: Healthy | Metrics: packetLoss: 0, latency_ms: 1.07, jitter: 0.14
[2026-08-04 20:26:55] [INFO] [INFRA_SIMULATOR] network_latency | Status: Healthy | Metrics: packetLoss: 0, latency_ms: 2.07, jitter: 0.05
[2026-08-04 20:27:05] [INFO] [INFRA_SIMULATOR] network_latency | Status: Healthy | Metrics: packetLoss: 0, latency_ms: 2.05, jitter: 0.24
[2026-08-04 20:27:15] [INFO] [INFRA_SIMULATOR] network_latency | Status: Healthy | Metrics: packetLoss: 0, latency_ms: 1.54, jitter: 0.18
[2026-08-04 20:27:25] [INFO] [INFRA_SIMULATOR] network_latency | Status: Healthy | Metrics: packetLoss: 0, latency_ms: 0.92, jitter: 0.37
[2026-08-04 20:27:35] [INFO] [INFRA_SIMULATOR] network_latency | Status: Healthy | Metrics: packetLoss: 0, latency_ms: 1.87, jitter: 0.21
[2026-08-04 20:27:45] [INFO] [INFRA_SIMULATOR] network_latency | Status: Healthy | Metrics: packetLoss: 0, latency_ms: 1.01, jitter: 0.39
[2026-08-04 20:27:55] [INFO] [INFRA_SIMULATOR] network_latency | Status: Healthy | Metrics: packetLoss: 0, latency_ms: 1.08, jitter: -0.04
[2026-08-04 20:28:05] [INFO] [INFRA_SIMULATOR] network_latency | Status: Healthy | Metrics: packetLoss: 0, latency_ms: 2.19, jitter: 0
[2026-08-04 20:28:15] [INFO] [INFRA_SIMULATOR] network_latency | Status: Healthy | Metrics: packetLoss: 0, latency_ms: 2.19, jitter: -0.05
[2026-08-04 20:28:25] [INFO] [INFRA_SIMULATOR] network_latency | Status: Healthy | Metrics: packetLoss: 0, latency_ms: 0.59, jitter: -0.08
[2026-08-04 20:28:37] [INFO] [INFRA_SIMULATOR] network_latency | Status: Healthy | Metrics: packetLoss: 0, latency_ms: 2.12, jitter: 0.13
[2026-08-04 20:28:47] [INFO] [INFRA_SIMULATOR] network_latency | Status: Healthy | Metrics: packetLoss: 0, latency_ms: 1.75, jitter: 0.08
[2026-08-04 20:28:58] [INFO] [INFRA_SIMULATOR] network_latency | Status: Healthy | Metrics: packetLoss: 0, latency_ms: 0.3, jitter: 0.01
[2026-08-04 20:29:08] [INFO] [INFRA_SIMULATOR] network_latency | Status: Healthy | Metrics: packetLoss: 0, latency_ms: 1.39, jitter: -0.07
[2026-08-04 20:29:18] [INFO] [INFRA_SIMULATOR] network_latency | Status: Healthy | Metrics: packetLoss: 0.2, latency_ms: 1.13, jitter: 0.36
[2026-08-04 20:29:28] [INFO] [INFRA_SIMULATOR] network_latency | Status: Healthy | Metrics: packetLoss: 0, latency_ms: 1.11, jitter: 0.07
[2026-08-04 20:29:38] [INFO] [INFRA_SIMULATOR] network_latency | Status: Healthy | Metrics: packetLoss: 0, latency_ms: 1.69, jitter: 0.26
[2026-08-04 20:29:48] [INFO] [INFRA_SIMULATOR] network_latency | Status: Healthy | Metrics: packetLoss: 0, latency_ms: 1.84, jitter: 0.23
[2026-08-04 20:29:58] [INFO] [INFRA_SIMULATOR] network_latency | Status: Healthy | Metrics: packetLoss: 0, latency_ms: 0.76, jitter: 0.16
[2026-08-04 20:30:08] [INFO] [INFRA_SIMULATOR] network_latency | Status: Healthy | Metrics: packetLoss: 0, latency_ms: 1.76, jitter: 0.04
[2026-08-04 20:30:18] [INFO] [INFRA_SIMULATOR] network_latency | Status: Healthy | Metrics: packetLoss: 0, latency_ms: 1.93, jitter: 0.31
[2026-08-04 20:30:28] [INFO] [INFRA_SIMULATOR] network_latency | Status: Healthy | Metrics: packetLoss: 0, latency_ms: 1.65, jitter: 0.15
[2026-08-04 20:30:38] [INFO] [INFRA_SIMULATOR] network_latency | Status: Healthy | Metrics: packetLoss: 0, latency_ms: 2.21, jitter: 0.01
[2026-08-04 20:30:48] [INFO] [INFRA_SIMULATOR] network_latency | Status: Healthy | Metrics: packetLoss: 0, latency_ms: 1.5, jitter: 0.2
[2026-08-04 20:30:58] [INFO] [INFRA_SIMULATOR] network_latency | Status: Healthy | Metrics: packetLoss: 0, latency_ms: 2.17, jitter: 0.34
[2026-08-04 20:31:08] [INFO] [INFRA_SIMULATOR] network_latency | Status: Healthy | Metrics: packetLoss: 0, latency_ms: 1.98, jitter: 0.27
[2026-08-04 20:31:17] [INFO] [INFRA_SIMULATOR] network_latency | Status: Healthy | Metrics: packetLoss: 0, latency_ms: 0.58, jitter: 0.01
[2026-08-04 20:31:28] [INFO] [INFRA_SIMULATOR] network_latency | Status: Healthy | Metrics: packetLoss: 0, latency_ms: 1.55, jitter: -0.09
[2026-08-04 20:31:38] [INFO] [INFRA_SIMULATOR] network_latency | Status: Healthy | Metrics: packetLoss: 0, latency_ms: 0.98, jitter: 0.25
[2026-08-04 20:31:47] [INFO] [INFRA_SIMULATOR] network_latency | Status: Healthy | Metrics: packetLoss: 0, latency_ms: 1.68, jitter: 0.26
[2026-08-04 20:31:58] [INFO] [INFRA_SIMULATOR] network_latency | Status: Healthy | Metrics: packetLoss: 0, latency_ms: 0.49, jitter: 0.02
[2026-08-04 20:32:08] [INFO] [INFRA_SIMULATOR] network_latency | Status: Healthy | Metrics: packetLoss: 0, latency_ms: 0.4, jitter: 0.18
[2026-08-04 20:32:17] [INFO] [INFRA_SIMULATOR] network_latency | Status: Healthy | Metrics: packetLoss: 0, latency_ms: 0.85, jitter: 0.04
[2026-08-04 20:32:27] [INFO] [INFRA_SIMULATOR] network_latency | Status: Healthy | Metrics: packetLoss: 0, latency_ms: 1.42, jitter: 0.14
[2026-08-04 20:32:38] [INFO] [INFRA_SIMULATOR] network_latency | Status: Healthy | Metrics: packetLoss: 0, latency_ms: 1.31, jitter: 0.07
[2026-08-04 20:32:47] [INFO] [INFRA_SIMULATOR] network_latency | Status: Healthy | Metrics: packetLoss: 0, latency_ms: 0.44, jitter: 0.13
[2026-08-04 20:32:58] [INFO] [INFRA_SIMULATOR] network_latency | Status: Healthy | Metrics: packetLoss: 0.2, latency_ms: 1.27, jitter: -0.08
[2026-08-04 20:33:08] [INFO] [INFRA_SIMULATOR] network_latency | Status: Healthy | Metrics: packetLoss: 0, latency_ms: 1.04, jitter: -0.03
[2026-08-04 20:33:18] [INFO] [INFRA_SIMULATOR] network_latency | Status: Healthy | Metrics: packetLoss: 0, latency_ms: 1.18, jitter: -0.07
[2026-08-04 20:33:28] [INFO] [INFRA_SIMULATOR] network_latency | Status: Healthy | Metrics: packetLoss: 0, latency_ms: 0.9, jitter: 0.13
[2026-08-04 20:33:37] [INFO] [INFRA_SIMULATOR] network_latency | Status: Healthy | Metrics: packetLoss: 0, latency_ms: 1.65, jitter: 0.01
[2026-08-04 20:33:48] [INFO] [INFRA_SIMULATOR] network_latency | Status: Healthy | Metrics: packetLoss: 0, latency_ms: 0.75, jitter: 0.37
[2026-08-04 20:33:58] [INFO] [INFRA_SIMULATOR] network_latency | Status: Healthy | Metrics: packetLoss: 0, latency_ms: 1.47, jitter: -0.09
[2026-08-04 20:34:08] [INFO] [INFRA_SIMULATOR] network_latency | Status: Healthy | Metrics: packetLoss: 0, latency_ms: 0.82, jitter: -0.04
[2026-08-04 20:34:18] [INFO] [INFRA_SIMULATOR] network_latency | Status: Healthy | Metrics: packetLoss: 0, latency_ms: 1.98, jitter: 0
[2026-08-04 20:34:28] [INFO] [INFRA_SIMULATOR] network_latency | Status: Healthy | Metrics: packetLoss: 0, latency_ms: 2.04, jitter: 0.09
