[2026-08-31T13:56:29.147Z] [INFO] [COORDINATOR] Intelligent Observability Daemon started with Tiered Polling in [REAL] mode.
[2026-08-31T13:56:49.225Z] [WARN] [APP_REAL] argocd_k8s [PROD] | Status: DATA_UNAVAILABLE | Metrics: responseTime: null, successRate: null, requests: null, isLive: false, error: Data Not Available
[2026-08-31T13:56:49.240Z] [WARN] [APP_REAL] argoworkflows_k8s [PROD] | Status: DATA_UNAVAILABLE | Metrics: responseTime: null, successRate: null, requests: null, isLive: false, error: Data Not Available
[2026-08-31T13:56:49.709Z] [WARN] [APP_REAL] cloudbees_jenkins [PROD] | Status: DATA_UNAVAILABLE | Metrics: responseTime: null, successRate: null, requests: null, isLive: false, error: Data Not Available
[2026-08-31T13:56:49.720Z] [WARN] [APP_REAL] github [PROD] | Status: DATA_UNAVAILABLE | Metrics: responseTime: null, successRate: null, requests: null, isLive: false, error: Data Not Available
[2026-08-31T13:56:49.721Z] [WARN] [APP_REAL] jenkins_k8s [PROD] | Status: DATA_UNAVAILABLE | Metrics: responseTime: null, successRate: null, requests: null, isLive: false, error: Data Not Available
[2026-08-31T13:56:49.721Z] [WARN] [APP_REAL] jetbrains_teamcity [PROD] | Status: DATA_UNAVAILABLE | Metrics: responseTime: null, successRate: null, requests: null, isLive: false, error: Data Not Available
[2026-08-31T13:56:49.721Z] [WARN] [APP_REAL] jfrog_artifactory [PROD] | Status: DATA_UNAVAILABLE | Metrics: responseTime: null, successRate: null, requests: null, isLive: false, error: Data Not Available
[2026-08-31T13:56:49.722Z] [WARN] [APP_REAL] mcp_server_k8s [PROD] | Status: DATA_UNAVAILABLE | Metrics: responseTime: null, successRate: null, requests: null, isLive: false, error: Data Not Available
[2026-08-31T13:56:59.226Z] [WARN] [APP_REAL] argocd_k8s [PROD] | Status: DATA_UNAVAILABLE | Metrics: responseTime: null, successRate: null, requests: null, isLive: false, error: Data Not Available
[2026-08-31T13:56:59.275Z] [WARN] [APP_REAL] argoworkflows_k8s [PROD] | Status: DATA_UNAVAILABLE | Metrics: responseTime: null, successRate: null, requests: null, isLive: false, error: Data Not Available
[2026-08-31T13:56:59.713Z] [WARN] [APP_REAL] cloudbees_jenkins [PROD] | Status: DATA_UNAVAILABLE | Metrics: responseTime: null, successRate: null, requests: null, isLive: false, error: Data Not Available
[2026-08-31T13:56:59.719Z] [WARN] [APP_REAL] github [PROD] | Status: DATA_UNAVAILABLE | Metrics: responseTime: null, successRate: null, requests: null, isLive: false, error: Data Not Available
[2026-08-31T13:56:59.719Z] [WARN] [APP_REAL] jenkins_k8s [PROD] | Status: DATA_UNAVAILABLE | Metrics: responseTime: null, successRate: null, requests: null, isLive: false, error: Data Not Available
[2026-08-31T13:56:59.719Z] [WARN] [APP_REAL] jetbrains_teamcity [PROD] | Status: DATA_UNAVAILABLE | Metrics: responseTime: null, successRate: null, requests: null, isLive: false, error: Data Not Available
[2026-08-31T13:56:59.720Z] [WARN] [APP_REAL] jfrog_artifactory [PROD] | Status: DATA_UNAVAILABLE | Metrics: responseTime: null, successRate: null, requests: null, isLive: false, error: Data Not Available
[2026-08-31T13:56:59.720Z] [WARN] [APP_REAL] mcp_server_k8s [PROD] | Status: DATA_UNAVAILABLE | Metrics: responseTime: null, successRate: null, requests: null, isLive: false, error: Data Not Available
[2026-08-31T13:57:09.230Z] [WARN] [APP_REAL] argocd_k8s [PROD] | Status: DATA_UNAVAILABLE | Metrics: responseTime: null, successRate: null, requests: null, isLive: false, error: Data Not Available
[2026-08-31T13:57:09.235Z] [WARN] [APP_REAL] argoworkflows_k8s [PROD] | Status: DATA_UNAVAILABLE | Metrics: responseTime: null, successRate: null, requests: null, isLive: false, error: Data Not Available
[2026-08-31T13:57:09.669Z] [WARN] [APP_REAL] cloudbees_jenkins [PROD] | Status: DATA_UNAVAILABLE | Metrics: responseTime: null, successRate: null, requests: null, isLive: false, error: Data Not Available
[2026-08-31T13:57:09.675Z] [WARN] [APP_REAL] github [PROD] | Status: DATA_UNAVAILABLE | Metrics: responseTime: null, successRate: null, requests: null, isLive: false, error: Data Not Available
[2026-08-31T13:57:09.676Z] [WARN] [APP_REAL] jenkins_k8s [PROD] | Status: DATA_UNAVAILABLE | Metrics: responseTime: null, successRate: null, requests: null, isLive: false, error: Data Not Available
[2026-08-31T13:57:09.677Z] [WARN] [APP_REAL] jetbrains_teamcity [PROD] | Status: DATA_UNAVAILABLE | Metrics: responseTime: null, successRate: null, requests: null, isLive: false, error: Data Not Available
[2026-08-31T13:57:09.677Z] [WARN] [APP_REAL] jfrog_artifactory [PROD] | Status: DATA_UNAVAILABLE | Metrics: responseTime: null, successRate: null, requests: null, isLive: false, error: Data Not Available
[2026-08-31T13:57:09.677Z] [WARN] [APP_REAL] mcp_server_k8s [PROD] | Status: DATA_UNAVAILABLE | Metrics: responseTime: null, successRate: null, requests: null, isLive: false, error: Data Not Available
[2026-08-31T13:57:19.238Z] [WARN] [APP_REAL] argocd_k8s [PROD] | Status: DATA_UNAVAILABLE | Metrics: responseTime: null, successRate: null, requests: null, isLive: false, error: Data Not Available
[2026-08-31T13:57:19.247Z] [WARN] [APP_REAL] argoworkflows_k8s [PROD] | Status: DATA_UNAVAILABLE | Metrics: responseTime: null, successRate: null, requests: null, isLive: false, error: Data Not Available
[2026-08-31T13:57:19.718Z] [WARN] [APP_REAL] cloudbees_jenkins [PROD] | Status: DATA_UNAVAILABLE | Metrics: responseTime: null, successRate: null, requests: null, isLive: false, error: Data Not Available
[2026-08-31T13:57:19.724Z] [WARN] [APP_REAL] github [PROD] | Status: DATA_UNAVAILABLE | Metrics: responseTime: null, successRate: null, requests: null, isLive: false, error: Data Not Available
[2026-08-31T13:57:19.725Z] [WARN] [APP_REAL] jenkins_k8s [PROD] | Status: DATA_UNAVAILABLE | Metrics: responseTime: null, successRate: null, requests: null, isLive: false, error: Data Not Available
[2026-08-31T13:57:19.725Z] [WARN] [APP_REAL] jetbrains_teamcity [PROD] | Status: DATA_UNAVAILABLE | Metrics: responseTime: null, successRate: null, requests: null, isLive: false, error: Data Not Available
[2026-08-31T13:57:19.726Z] [WARN] [APP_REAL] jfrog_artifactory [PROD] | Status: DATA_UNAVAILABLE | Metrics: responseTime: null, successRate: null, requests: null, isLive: false, error: Data Not Available
[2026-08-31T13:57:19.726Z] [WARN] [APP_REAL] mcp_server_k8s [PROD] | Status: DATA_UNAVAILABLE | Metrics: responseTime: null, successRate: null, requests: null, isLive: false, error: Data Not Available
[2026-08-31T13:57:29.236Z] [WARN] [APP_REAL] argocd_k8s [PROD] | Status: DATA_UNAVAILABLE | Metrics: responseTime: null, successRate: null, requests: null, isLive: false, error: Data Not Available
[2026-08-31T13:57:29.253Z] [WARN] [APP_REAL] argoworkflows_k8s [PROD] | Status: DATA_UNAVAILABLE | Metrics: responseTime: null, successRate: null, requests: null, isLive: false, error: Data Not Available
[2026-08-31T13:57:29.694Z] [WARN] [APP_REAL] cloudbees_jenkins [PROD] | Status: DATA_UNAVAILABLE | Metrics: responseTime: null, successRate: null, requests: null, isLive: false, error: Data Not Available
[2026-08-31T13:57:29.701Z] [WARN] [APP_REAL] github [PROD] | Status: DATA_UNAVAILABLE | Metrics: responseTime: null, successRate: null, requests: null, isLive: false, error: Data Not Available
[2026-08-31T13:57:29.702Z] [WARN] [APP_REAL] jenkins_k8s [PROD] | Status: DATA_UNAVAILABLE | Metrics: responseTime: null, successRate: null, requests: null, isLive: false, error: Data Not Available
[2026-08-31T13:57:29.702Z] [WARN] [APP_REAL] jetbrains_teamcity [PROD] | Status: DATA_UNAVAILABLE | Metrics: responseTime: null, successRate: null, requests: null, isLive: false, error: Data Not Available
[2026-08-31T13:57:29.703Z] [WARN] [APP_REAL] jfrog_artifactory [PROD] | Status: DATA_UNAVAILABLE | Metrics: responseTime: null, successRate: null, requests: null, isLive: false, error: Data Not Available
[2026-08-31T13:57:29.703Z] [WARN] [APP_REAL] mcp_server_k8s [PROD] | Status: DATA_UNAVAILABLE | Metrics: responseTime: null, successRate: null, requests: null, isLive: false, error: Data Not Available
[2026-08-31T13:57:49.720Z] [INFO] [LOG_AGENT_REAL] [IIS-SERVER] GET /api/health - Client IP: 10.194.22.45 - Status 200 OK (elapsed: 15ms)
[2026-08-31T13:57:59.750Z] [INFO] [LOG_AGENT_REAL] [NEX-VIOL] Scanned jar 'spring-core-5.3.9.jar'. Found 0 critical policy violations
[2026-08-31T13:58:09.271Z] [WARN] [APP_REAL] argocd_k8s [PROD] | Status: DATA_UNAVAILABLE | Metrics: responseTime: null, successRate: null, requests: null, isLive: false, error: Data Not Available
[2026-08-31T13:58:09.281Z] [WARN] [APP_REAL] argoworkflows_k8s [PROD] | Status: DATA_UNAVAILABLE | Metrics: responseTime: null, successRate: null, requests: null, isLive: false, error: Data Not Available
[2026-08-31T13:58:09.680Z] [WARN] [APP_REAL] cloudbees_jenkins [PROD] | Status: DATA_UNAVAILABLE | Metrics: responseTime: null, successRate: null, requests: null, isLive: false, error: Data Not Available
[2026-08-31T13:58:09.691Z] [WARN] [APP_REAL] github [PROD] | Status: DATA_UNAVAILABLE | Metrics: responseTime: null, successRate: null, requests: null, isLive: false, error: Data Not Available
[2026-08-31T13:58:09.692Z] [WARN] [APP_REAL] jenkins_k8s [PROD] | Status: DATA_UNAVAILABLE | Metrics: responseTime: null, successRate: null, requests: null, isLive: false, error: Data Not Available
[2026-08-31T13:58:09.692Z] [WARN] [APP_REAL] jetbrains_teamcity [PROD] | Status: DATA_UNAVAILABLE | Metrics: responseTime: null, successRate: null, requests: null, isLive: false, error: Data Not Available
[2026-08-31T13:58:09.692Z] [WARN] [APP_REAL] jfrog_artifactory [PROD] | Status: DATA_UNAVAILABLE | Metrics: responseTime: null, successRate: null, requests: null, isLive: false, error: Data Not Available
[2026-08-31T13:58:09.693Z] [WARN] [APP_REAL] mcp_server_k8s [PROD] | Status: DATA_UNAVAILABLE | Metrics: responseTime: null, successRate: null, requests: null, isLive: false, error: Data Not Available
