[2026-07-29 18:03:06] [INFO] [INFRA_SIMULATOR] s3_storage | Status: Healthy | Metrics: latency: 14.45, space: 1421, bandwidth: 88, bitbucket_space: 450, jenkins_space: 125, artifactory_space: 1450, fortify_space: 85, teamcity_space: 220, bitbucket_bandwidth: 12.32, jenkins_bandwidth: 2.97, artifactory_bandwidth: 63.36
[2026-07-29 18:03:06] [INFO] [LOG_AGENT] [S3-BUCK] Performing multipart backup archiving snapshot sentinel_db_dump.sql (bandwidth: 84.5 MB/s)
[2026-07-29 18:03:16] [INFO] [INFRA_SIMULATOR] s3_storage | Status: Healthy | Metrics: latency: 15.09, space: 1422, bandwidth: 81, bitbucket_space: 450, jenkins_space: 125, artifactory_space: 1452, fortify_space: 85, teamcity_space: 220, bitbucket_bandwidth: 12.26, jenkins_bandwidth: 3.09, artifactory_bandwidth: 64.9
[2026-07-29 18:03:17] [INFO] [LOG_AGENT] [S3-BUCK] Performing multipart backup archiving snapshot sentinel_db_dump.sql (bandwidth: 84.5 MB/s)
[2026-07-29 18:03:26] [INFO] [INFRA_SIMULATOR] s3_storage | Status: Healthy | Metrics: latency: 16.05, space: 1421, bandwidth: 83, bitbucket_space: 451, jenkins_space: 125, artifactory_space: 1451, fortify_space: 85, teamcity_space: 220, bitbucket_bandwidth: 12.83, jenkins_bandwidth: 3.16, artifactory_bandwidth: 62.9
[2026-07-29 18:03:36] [INFO] [INFRA_SIMULATOR] s3_storage | Status: Healthy | Metrics: latency: 16.31, space: 1420, bandwidth: 82, bitbucket_space: 451, jenkins_space: 125, artifactory_space: 1452, fortify_space: 85, teamcity_space: 220, bitbucket_bandwidth: 12.1, jenkins_bandwidth: 3.42, artifactory_bandwidth: 63.82
[2026-07-29 18:03:37] [INFO] [LOG_AGENT] [S3-BUCK] Performing multipart backup archiving snapshot sentinel_db_dump.sql (bandwidth: 84.5 MB/s)
[2026-07-29 18:03:46] [INFO] [INFRA_SIMULATOR] s3_storage | Status: Healthy | Metrics: latency: 14.79, space: 1420, bandwidth: 83, bitbucket_space: 450, jenkins_space: 125, artifactory_space: 1450, fortify_space: 85, teamcity_space: 220, bitbucket_bandwidth: 12.69, jenkins_bandwidth: 3.22, artifactory_bandwidth: 64.78
[2026-07-29 18:03:56] [INFO] [INFRA_SIMULATOR] s3_storage | Status: Healthy | Metrics: latency: 15.92, space: 1424, bandwidth: 87, bitbucket_space: 451, jenkins_space: 125, artifactory_space: 1451, fortify_space: 85, teamcity_space: 220, bitbucket_bandwidth: 12.53, jenkins_bandwidth: 3.43, artifactory_bandwidth: 63.75
[2026-07-29 18:04:07] [INFO] [INFRA_SIMULATOR] s3_storage | Status: Healthy | Metrics: latency: 15.95, space: 1421, bandwidth: 83, bitbucket_space: 450, jenkins_space: 125, artifactory_space: 1452, fortify_space: 85, teamcity_space: 220, bitbucket_bandwidth: 12.09, jenkins_bandwidth: 3.41, artifactory_bandwidth: 66.07
[2026-07-29 18:04:07] [INFO] [LOG_AGENT] [S3-BUCK] Performing multipart backup archiving snapshot sentinel_db_dump.sql (bandwidth: 84.5 MB/s)
[2026-07-29 18:04:17] [INFO] [INFRA_SIMULATOR] s3_storage | Status: Healthy | Metrics: latency: 14.96, space: 1424, bandwidth: 88, bitbucket_space: 451, jenkins_space: 125, artifactory_space: 1450, fortify_space: 85, teamcity_space: 220, bitbucket_bandwidth: 12.41, jenkins_bandwidth: 3.31, artifactory_bandwidth: 66.03
[2026-07-29 18:04:27] [INFO] [INFRA_SIMULATOR] s3_storage | Status: Healthy | Metrics: latency: 14.48, space: 1420, bandwidth: 85, bitbucket_space: 450, jenkins_space: 125, artifactory_space: 1452, fortify_space: 85, teamcity_space: 220, bitbucket_bandwidth: 12.05, jenkins_bandwidth: 3.04, artifactory_bandwidth: 63
[2026-07-29 18:04:37] [INFO] [INFRA_SIMULATOR] s3_storage | Status: Healthy | Metrics: latency: 15.91, space: 1421, bandwidth: 82, bitbucket_space: 451, jenkins_space: 125, artifactory_space: 1451, fortify_space: 85, teamcity_space: 220, bitbucket_bandwidth: 12.43, jenkins_bandwidth: 2.96, artifactory_bandwidth: 65.03
[2026-07-29 18:04:47] [INFO] [INFRA_SIMULATOR] s3_storage | Status: Healthy | Metrics: latency: 15.4, space: 1422, bandwidth: 87, bitbucket_space: 450, jenkins_space: 125, artifactory_space: 1451, fortify_space: 85, teamcity_space: 220, bitbucket_bandwidth: 12.72, jenkins_bandwidth: 3.33, artifactory_bandwidth: 65.84
[2026-07-29 18:04:57] [INFO] [INFRA_SIMULATOR] s3_storage | Status: Healthy | Metrics: latency: 15.41, space: 1420, bandwidth: 82, bitbucket_space: 451, jenkins_space: 125, artifactory_space: 1451, fortify_space: 85, teamcity_space: 220, bitbucket_bandwidth: 12.08, jenkins_bandwidth: 3.05, artifactory_bandwidth: 64.37
[2026-07-29 18:05:07] [INFO] [INFRA_SIMULATOR] s3_storage | Status: Healthy | Metrics: latency: 14.93, space: 1421, bandwidth: 85, bitbucket_space: 450, jenkins_space: 125, artifactory_space: 1452, fortify_space: 85, teamcity_space: 220, bitbucket_bandwidth: 12.28, jenkins_bandwidth: 3.3, artifactory_bandwidth: 64.65
[2026-07-29 18:05:17] [INFO] [INFRA_SIMULATOR] s3_storage | Status: Healthy | Metrics: latency: 14.65, space: 1422, bandwidth: 87, bitbucket_space: 450, jenkins_space: 125, artifactory_space: 1450, fortify_space: 85, teamcity_space: 220, bitbucket_bandwidth: 12.79, jenkins_bandwidth: 3.2, artifactory_bandwidth: 65.54
[2026-07-29 18:05:27] [INFO] [INFRA_SIMULATOR] s3_storage | Status: Healthy | Metrics: latency: 15.03, space: 1421, bandwidth: 81, bitbucket_space: 450, jenkins_space: 125, artifactory_space: 1450, fortify_space: 85, teamcity_space: 220, bitbucket_bandwidth: 12.63, jenkins_bandwidth: 3.44, artifactory_bandwidth: 66.59
[2026-07-29 18:05:37] [INFO] [INFRA_SIMULATOR] s3_storage | Status: Healthy | Metrics: latency: 15.74, space: 1420, bandwidth: 83, bitbucket_space: 451, jenkins_space: 125, artifactory_space: 1450, fortify_space: 85, teamcity_space: 220, bitbucket_bandwidth: 12.64, jenkins_bandwidth: 2.97, artifactory_bandwidth: 63.59
[2026-07-29 18:05:47] [INFO] [INFRA_SIMULATOR] s3_storage | Status: Healthy | Metrics: latency: 15.53, space: 1422, bandwidth: 88, bitbucket_space: 451, jenkins_space: 125, artifactory_space: 1451, fortify_space: 85, teamcity_space: 220, bitbucket_bandwidth: 12.26, jenkins_bandwidth: 3.27, artifactory_bandwidth: 65.89
[2026-07-29 18:05:57] [INFO] [INFRA_SIMULATOR] s3_storage | Status: Healthy | Metrics: latency: 15.98, space: 1423, bandwidth: 87, bitbucket_space: 450, jenkins_space: 125, artifactory_space: 1450, fortify_space: 85, teamcity_space: 220, bitbucket_bandwidth: 12.41, jenkins_bandwidth: 3.01, artifactory_bandwidth: 66.01
[2026-07-30 06:34:31] [INFO] [INFRA_SIMULATOR] s3_storage | Status: Healthy | Metrics: latency: 15.76, space: 1423, bandwidth: 84, bitbucket_space: 451, jenkins_space: 125, artifactory_space: 1451, fortify_space: 85, teamcity_space: 220, bitbucket_bandwidth: 12.51, jenkins_bandwidth: 2.98, artifactory_bandwidth: 65.74
[2026-07-30 06:34:41] [INFO] [INFRA_SIMULATOR] s3_storage | Status: Healthy | Metrics: latency: 15.18, space: 1420, bandwidth: 84, bitbucket_space: 451, jenkins_space: 125, artifactory_space: 1451, fortify_space: 85, teamcity_space: 220, bitbucket_bandwidth: 12.78, jenkins_bandwidth: 3.05, artifactory_bandwidth: 63.83
[2026-07-30 06:34:51] [INFO] [INFRA_SIMULATOR] s3_storage | Status: Healthy | Metrics: latency: 15.13, space: 1420, bandwidth: 87, bitbucket_space: 451, jenkins_space: 125, artifactory_space: 1452, fortify_space: 85, teamcity_space: 220, bitbucket_bandwidth: 12.82, jenkins_bandwidth: 3.11, artifactory_bandwidth: 66.22
[2026-07-30 06:35:01] [INFO] [INFRA_SIMULATOR] s3_storage | Status: Healthy | Metrics: latency: 14.51, space: 1421, bandwidth: 82, bitbucket_space: 451, jenkins_space: 125, artifactory_space: 1452, fortify_space: 85, teamcity_space: 220, bitbucket_bandwidth: 12.67, jenkins_bandwidth: 3.06, artifactory_bandwidth: 64.73
[2026-07-30 06:35:02] [INFO] [LOG_AGENT] [S3-BUCK] Performing multipart backup archiving snapshot sentinel_db_dump.sql (bandwidth: 84.5 MB/s)
[2026-07-30 06:35:11] [INFO] [INFRA_SIMULATOR] s3_storage | Status: Healthy | Metrics: latency: 16.05, space: 1424, bandwidth: 84, bitbucket_space: 450, jenkins_space: 125, artifactory_space: 1451, fortify_space: 85, teamcity_space: 220, bitbucket_bandwidth: 12.96, jenkins_bandwidth: 2.99, artifactory_bandwidth: 66.65
[2026-07-30 06:35:21] [INFO] [INFRA_SIMULATOR] s3_storage | Status: Healthy | Metrics: latency: 15.15, space: 1422, bandwidth: 81, bitbucket_space: 451, jenkins_space: 125, artifactory_space: 1451, fortify_space: 85, teamcity_space: 220, bitbucket_bandwidth: 12.28, jenkins_bandwidth: 3.16, artifactory_bandwidth: 64.51
[2026-07-30 06:35:21] [INFO] [LOG_AGENT] [S3-BUCK] Performing multipart backup archiving snapshot sentinel_db_dump.sql (bandwidth: 84.5 MB/s)
[2026-07-30 06:35:31] [INFO] [INFRA_SIMULATOR] s3_storage | Status: Healthy | Metrics: latency: 15.35, space: 1421, bandwidth: 81, bitbucket_space: 451, jenkins_space: 125, artifactory_space: 1450, fortify_space: 85, teamcity_space: 220, bitbucket_bandwidth: 12.32, jenkins_bandwidth: 3.11, artifactory_bandwidth: 63.54
[2026-07-30 06:35:41] [INFO] [INFRA_SIMULATOR] s3_storage | Status: Healthy | Metrics: latency: 16.23, space: 1424, bandwidth: 87, bitbucket_space: 450, jenkins_space: 125, artifactory_space: 1450, fortify_space: 85, teamcity_space: 220, bitbucket_bandwidth: 12.75, jenkins_bandwidth: 3.33, artifactory_bandwidth: 63.31
[2026-07-30 06:35:51] [INFO] [INFRA_SIMULATOR] s3_storage | Status: Healthy | Metrics: latency: 15.86, space: 1421, bandwidth: 86, bitbucket_space: 450, jenkins_space: 125, artifactory_space: 1451, fortify_space: 85, teamcity_space: 220, bitbucket_bandwidth: 12.69, jenkins_bandwidth: 3.4, artifactory_bandwidth: 65.11
[2026-07-30 06:35:51] [INFO] [LOG_AGENT] [S3-BUCK] Performing multipart backup archiving snapshot sentinel_db_dump.sql (bandwidth: 84.5 MB/s)
[2026-07-30 06:36:01] [INFO] [INFRA_SIMULATOR] s3_storage | Status: Healthy | Metrics: latency: 14.94, space: 1421, bandwidth: 85, bitbucket_space: 450, jenkins_space: 125, artifactory_space: 1451, fortify_space: 85, teamcity_space: 220, bitbucket_bandwidth: 12.25, jenkins_bandwidth: 2.99, artifactory_bandwidth: 66.56
[2026-07-30 06:36:11] [INFO] [INFRA_SIMULATOR] s3_storage | Status: Healthy | Metrics: latency: 16.17, space: 1423, bandwidth: 88, bitbucket_space: 450, jenkins_space: 125, artifactory_space: 1452, fortify_space: 85, teamcity_space: 220, bitbucket_bandwidth: 12.19, jenkins_bandwidth: 2.97, artifactory_bandwidth: 66.77
[2026-07-30 06:36:11] [INFO] [LOG_AGENT] [S3-BUCK] Performing multipart backup archiving snapshot sentinel_db_dump.sql (bandwidth: 84.5 MB/s)
[2026-07-30 06:36:22] [INFO] [INFRA_SIMULATOR] s3_storage | Status: Healthy | Metrics: latency: 14.79, space: 1422, bandwidth: 82, bitbucket_space: 450, jenkins_space: 125, artifactory_space: 1452, fortify_space: 85, teamcity_space: 220, bitbucket_bandwidth: 12.55, jenkins_bandwidth: 3.44, artifactory_bandwidth: 65.84
[2026-07-30 06:36:32] [INFO] [INFRA_SIMULATOR] s3_storage | Status: Healthy | Metrics: latency: 16.27, space: 1422, bandwidth: 88, bitbucket_space: 451, jenkins_space: 125, artifactory_space: 1450, fortify_space: 85, teamcity_space: 220, bitbucket_bandwidth: 12.99, jenkins_bandwidth: 3.42, artifactory_bandwidth: 66.69
[2026-07-30 06:36:42] [INFO] [INFRA_SIMULATOR] s3_storage | Status: Healthy | Metrics: latency: 14.62, space: 1421, bandwidth: 82, bitbucket_space: 450, jenkins_space: 125, artifactory_space: 1452, fortify_space: 85, teamcity_space: 220, bitbucket_bandwidth: 12.61, jenkins_bandwidth: 3.29, artifactory_bandwidth: 65.54
[2026-07-30 06:36:52] [INFO] [INFRA_SIMULATOR] s3_storage | Status: Healthy | Metrics: latency: 15.87, space: 1420, bandwidth: 86, bitbucket_space: 450, jenkins_space: 125, artifactory_space: 1452, fortify_space: 85, teamcity_space: 220, bitbucket_bandwidth: 12.23, jenkins_bandwidth: 3.35, artifactory_bandwidth: 62.97
[2026-07-30 06:36:52] [INFO] [LOG_AGENT] [S3-BUCK] Performing multipart backup archiving snapshot sentinel_db_dump.sql (bandwidth: 84.5 MB/s)
[2026-07-30 06:37:02] [INFO] [INFRA_SIMULATOR] s3_storage | Status: Healthy | Metrics: latency: 14.5, space: 1421, bandwidth: 86, bitbucket_space: 451, jenkins_space: 125, artifactory_space: 1452, fortify_space: 85, teamcity_space: 220, bitbucket_bandwidth: 12.78, jenkins_bandwidth: 3.12, artifactory_bandwidth: 66.46
[2026-07-30 06:37:02] [INFO] [LOG_AGENT] [S3-BUCK] Performing multipart backup archiving snapshot sentinel_db_dump.sql (bandwidth: 84.5 MB/s)
[2026-07-30 06:37:12] [INFO] [INFRA_SIMULATOR] s3_storage | Status: Healthy | Metrics: latency: 15.91, space: 1422, bandwidth: 84, bitbucket_space: 451, jenkins_space: 125, artifactory_space: 1451, fortify_space: 85, teamcity_space: 220, bitbucket_bandwidth: 12.56, jenkins_bandwidth: 3.22, artifactory_bandwidth: 66.31
[2026-07-30 06:37:22] [INFO] [INFRA_SIMULATOR] s3_storage | Status: Healthy | Metrics: latency: 15.73, space: 1422, bandwidth: 86, bitbucket_space: 450, jenkins_space: 125, artifactory_space: 1452, fortify_space: 85, teamcity_space: 220, bitbucket_bandwidth: 12.8, jenkins_bandwidth: 3.16, artifactory_bandwidth: 66.1
[2026-07-30 06:37:32] [INFO] [INFRA_SIMULATOR] s3_storage | Status: Healthy | Metrics: latency: 15.15, space: 1423, bandwidth: 85, bitbucket_space: 450, jenkins_space: 125, artifactory_space: 1451, fortify_space: 85, teamcity_space: 220, bitbucket_bandwidth: 12.66, jenkins_bandwidth: 3.12, artifactory_bandwidth: 64.62
[2026-07-30 06:37:42] [INFO] [INFRA_SIMULATOR] s3_storage | Status: Healthy | Metrics: latency: 16.15, space: 1423, bandwidth: 83, bitbucket_space: 450, jenkins_space: 125, artifactory_space: 1451, fortify_space: 85, teamcity_space: 220, bitbucket_bandwidth: 12.6, jenkins_bandwidth: 3.22, artifactory_bandwidth: 65.03
[2026-07-30 06:37:42] [INFO] [LOG_AGENT] [S3-BUCK] Performing multipart backup archiving snapshot sentinel_db_dump.sql (bandwidth: 84.5 MB/s)
[2026-07-30 06:37:52] [INFO] [INFRA_SIMULATOR] s3_storage | Status: Healthy | Metrics: latency: 15.59, space: 1421, bandwidth: 85, bitbucket_space: 451, jenkins_space: 125, artifactory_space: 1451, fortify_space: 85, teamcity_space: 220, bitbucket_bandwidth: 12.66, jenkins_bandwidth: 3.09, artifactory_bandwidth: 66.7
[2026-07-30 06:37:52] [INFO] [LOG_AGENT] [S3-BUCK] Performing multipart backup archiving snapshot sentinel_db_dump.sql (bandwidth: 84.5 MB/s)
[2026-07-30 06:38:02] [INFO] [INFRA_SIMULATOR] s3_storage | Status: Healthy | Metrics: latency: 15.85, space: 1424, bandwidth: 85, bitbucket_space: 450, jenkins_space: 125, artifactory_space: 1450, fortify_space: 85, teamcity_space: 220, bitbucket_bandwidth: 12.83, jenkins_bandwidth: 3.17, artifactory_bandwidth: 64.29
[2026-07-30 06:38:12] [INFO] [INFRA_SIMULATOR] s3_storage | Status: Healthy | Metrics: latency: 15.58, space: 1423, bandwidth: 88, bitbucket_space: 450, jenkins_space: 125, artifactory_space: 1451, fortify_space: 85, teamcity_space: 220, bitbucket_bandwidth: 12.25, jenkins_bandwidth: 2.97, artifactory_bandwidth: 64.18
[2026-07-30 06:38:22] [INFO] [INFRA_SIMULATOR] s3_storage | Status: Healthy | Metrics: latency: 15.35, space: 1420, bandwidth: 86, bitbucket_space: 451, jenkins_space: 125, artifactory_space: 1451, fortify_space: 85, teamcity_space: 220, bitbucket_bandwidth: 12.17, jenkins_bandwidth: 3.11, artifactory_bandwidth: 66.34
[2026-07-30 06:38:22] [INFO] [LOG_AGENT] [S3-BUCK] Performing multipart backup archiving snapshot sentinel_db_dump.sql (bandwidth: 84.5 MB/s)
[2026-07-30 06:38:32] [INFO] [INFRA_SIMULATOR] s3_storage | Status: Healthy | Metrics: latency: 14.94, space: 1420, bandwidth: 88, bitbucket_space: 451, jenkins_space: 125, artifactory_space: 1451, fortify_space: 85, teamcity_space: 220, bitbucket_bandwidth: 12.23, jenkins_bandwidth: 3.34, artifactory_bandwidth: 64.65
[2026-07-30 06:38:42] [INFO] [INFRA_SIMULATOR] s3_storage | Status: Healthy | Metrics: latency: 16.01, space: 1422, bandwidth: 82, bitbucket_space: 450, jenkins_space: 125, artifactory_space: 1452, fortify_space: 85, teamcity_space: 220, bitbucket_bandwidth: 12.57, jenkins_bandwidth: 3.19, artifactory_bandwidth: 65.99
[2026-07-30 06:38:52] [INFO] [INFRA_SIMULATOR] s3_storage | Status: Healthy | Metrics: latency: 15.58, space: 1420, bandwidth: 82, bitbucket_space: 451, jenkins_space: 125, artifactory_space: 1452, fortify_space: 85, teamcity_space: 220, bitbucket_bandwidth: 12.07, jenkins_bandwidth: 3.07, artifactory_bandwidth: 63.85
[2026-07-30 06:39:02] [INFO] [INFRA_SIMULATOR] s3_storage | Status: Healthy | Metrics: latency: 15.05, space: 1423, bandwidth: 83, bitbucket_space: 450, jenkins_space: 125, artifactory_space: 1450, fortify_space: 85, teamcity_space: 220, bitbucket_bandwidth: 12.62, jenkins_bandwidth: 3.39, artifactory_bandwidth: 62.9
[2026-07-30 06:39:12] [INFO] [INFRA_SIMULATOR] s3_storage | Status: Healthy | Metrics: latency: 15.06, space: 1421, bandwidth: 84, bitbucket_space: 450, jenkins_space: 125, artifactory_space: 1450, fortify_space: 85, teamcity_space: 220, bitbucket_bandwidth: 12.72, jenkins_bandwidth: 3.39, artifactory_bandwidth: 62.82
[2026-07-30 06:39:22] [INFO] [INFRA_SIMULATOR] s3_storage | Status: Healthy | Metrics: latency: 14.4, space: 1424, bandwidth: 87, bitbucket_space: 451, jenkins_space: 125, artifactory_space: 1452, fortify_space: 85, teamcity_space: 220, bitbucket_bandwidth: 12.3, jenkins_bandwidth: 3.35, artifactory_bandwidth: 63.6
[2026-07-30 06:39:32] [INFO] [INFRA_SIMULATOR] s3_storage | Status: Healthy | Metrics: latency: 16.39, space: 1423, bandwidth: 87, bitbucket_space: 451, jenkins_space: 125, artifactory_space: 1452, fortify_space: 85, teamcity_space: 220, bitbucket_bandwidth: 12.53, jenkins_bandwidth: 2.97, artifactory_bandwidth: 65.75
[2026-07-30 06:39:42] [INFO] [INFRA_SIMULATOR] s3_storage | Status: Healthy | Metrics: latency: 15.19, space: 1421, bandwidth: 84, bitbucket_space: 450, jenkins_space: 125, artifactory_space: 1451, fortify_space: 85, teamcity_space: 220, bitbucket_bandwidth: 12.62, jenkins_bandwidth: 3.19, artifactory_bandwidth: 65.53
[2026-07-30 06:39:52] [INFO] [INFRA_SIMULATOR] s3_storage | Status: Healthy | Metrics: latency: 14.61, space: 1423, bandwidth: 88, bitbucket_space: 451, jenkins_space: 125, artifactory_space: 1451, fortify_space: 85, teamcity_space: 220, bitbucket_bandwidth: 12.17, jenkins_bandwidth: 3.41, artifactory_bandwidth: 64.97
[2026-07-30 06:40:02] [INFO] [INFRA_SIMULATOR] s3_storage | Status: Healthy | Metrics: latency: 14.98, space: 1421, bandwidth: 85, bitbucket_space: 450, jenkins_space: 125, artifactory_space: 1450, fortify_space: 85, teamcity_space: 220, bitbucket_bandwidth: 12.34, jenkins_bandwidth: 3, artifactory_bandwidth: 63.95
[2026-07-30 06:40:12] [INFO] [INFRA_SIMULATOR] s3_storage | Status: Healthy | Metrics: latency: 15.79, space: 1423, bandwidth: 86, bitbucket_space: 451, jenkins_space: 125, artifactory_space: 1451, fortify_space: 85, teamcity_space: 220, bitbucket_bandwidth: 12, jenkins_bandwidth: 3.4, artifactory_bandwidth: 66.56
[2026-07-30 06:40:22] [INFO] [INFRA_SIMULATOR] s3_storage | Status: Healthy | Metrics: latency: 14.72, space: 1422, bandwidth: 87, bitbucket_space: 450, jenkins_space: 125, artifactory_space: 1452, fortify_space: 85, teamcity_space: 220, bitbucket_bandwidth: 12.12, jenkins_bandwidth: 3.36, artifactory_bandwidth: 66.33
[2026-07-30 06:40:32] [INFO] [INFRA_SIMULATOR] s3_storage | Status: Healthy | Metrics: latency: 16.14, space: 1421, bandwidth: 81, bitbucket_space: 450, jenkins_space: 125, artifactory_space: 1450, fortify_space: 85, teamcity_space: 220, bitbucket_bandwidth: 12.6, jenkins_bandwidth: 3.43, artifactory_bandwidth: 63.73
[2026-07-30 06:40:42] [INFO] [INFRA_SIMULATOR] s3_storage | Status: Healthy | Metrics: latency: 15.23, space: 1423, bandwidth: 84, bitbucket_space: 451, jenkins_space: 125, artifactory_space: 1451, fortify_space: 85, teamcity_space: 220, bitbucket_bandwidth: 12.89, jenkins_bandwidth: 2.97, artifactory_bandwidth: 66.59
[2026-07-30 06:40:42] [INFO] [LOG_AGENT] [S3-BUCK] Performing multipart backup archiving snapshot sentinel_db_dump.sql (bandwidth: 84.5 MB/s)
[2026-07-30 06:40:52] [INFO] [INFRA_SIMULATOR] s3_storage | Status: Healthy | Metrics: latency: 16.21, space: 1423, bandwidth: 84, bitbucket_space: 450, jenkins_space: 125, artifactory_space: 1452, fortify_space: 85, teamcity_space: 220, bitbucket_bandwidth: 12.28, jenkins_bandwidth: 3.01, artifactory_bandwidth: 64.31
[2026-07-30 06:41:02] [INFO] [INFRA_SIMULATOR] s3_storage | Status: Healthy | Metrics: latency: 14.66, space: 1423, bandwidth: 86, bitbucket_space: 451, jenkins_space: 125, artifactory_space: 1451, fortify_space: 85, teamcity_space: 220, bitbucket_bandwidth: 12.22, jenkins_bandwidth: 3.45, artifactory_bandwidth: 64.18
[2026-07-30 06:41:12] [INFO] [INFRA_SIMULATOR] s3_storage | Status: Healthy | Metrics: latency: 15.81, space: 1423, bandwidth: 82, bitbucket_space: 451, jenkins_space: 125, artifactory_space: 1450, fortify_space: 85, teamcity_space: 220, bitbucket_bandwidth: 12.15, jenkins_bandwidth: 3.15, artifactory_bandwidth: 64.11
[2026-07-30 06:41:22] [INFO] [INFRA_SIMULATOR] s3_storage | Status: Healthy | Metrics: latency: 16.05, space: 1424, bandwidth: 88, bitbucket_space: 450, jenkins_space: 125, artifactory_space: 1451, fortify_space: 85, teamcity_space: 220, bitbucket_bandwidth: 12.42, jenkins_bandwidth: 3.34, artifactory_bandwidth: 64.47
[2026-07-30 06:41:32] [INFO] [INFRA_SIMULATOR] s3_storage | Status: Healthy | Metrics: latency: 15.98, space: 1423, bandwidth: 81, bitbucket_space: 450, jenkins_space: 125, artifactory_space: 1451, fortify_space: 85, teamcity_space: 220, bitbucket_bandwidth: 12.03, jenkins_bandwidth: 3.07, artifactory_bandwidth: 64.29
[2026-07-30 06:41:32] [INFO] [LOG_AGENT] [S3-BUCK] Performing multipart backup archiving snapshot sentinel_db_dump.sql (bandwidth: 84.5 MB/s)
[2026-07-30 06:41:42] [INFO] [INFRA_SIMULATOR] s3_storage | Status: Healthy | Metrics: latency: 15.02, space: 1421, bandwidth: 88, bitbucket_space: 451, jenkins_space: 125, artifactory_space: 1451, fortify_space: 85, teamcity_space: 220, bitbucket_bandwidth: 12.71, jenkins_bandwidth: 3.22, artifactory_bandwidth: 63.03
[2026-07-30 06:41:52] [INFO] [INFRA_SIMULATOR] s3_storage | Status: Healthy | Metrics: latency: 15.89, space: 1424, bandwidth: 82, bitbucket_space: 451, jenkins_space: 125, artifactory_space: 1451, fortify_space: 85, teamcity_space: 220, bitbucket_bandwidth: 12.46, jenkins_bandwidth: 3.44, artifactory_bandwidth: 63.53
[2026-07-30 06:42:02] [INFO] [INFRA_SIMULATOR] s3_storage | Status: Healthy | Metrics: latency: 14.76, space: 1423, bandwidth: 83, bitbucket_space: 450, jenkins_space: 125, artifactory_space: 1450, fortify_space: 85, teamcity_space: 220, bitbucket_bandwidth: 12.89, jenkins_bandwidth: 3.18, artifactory_bandwidth: 66.58
[2026-07-30 06:42:12] [INFO] [INFRA_SIMULATOR] s3_storage | Status: Healthy | Metrics: latency: 14.88, space: 1420, bandwidth: 86, bitbucket_space: 450, jenkins_space: 125, artifactory_space: 1451, fortify_space: 85, teamcity_space: 220, bitbucket_bandwidth: 12.34, jenkins_bandwidth: 3.38, artifactory_bandwidth: 62.94
[2026-07-30 06:42:22] [INFO] [INFRA_SIMULATOR] s3_storage | Status: Healthy | Metrics: latency: 14.58, space: 1420, bandwidth: 85, bitbucket_space: 450, jenkins_space: 125, artifactory_space: 1450, fortify_space: 85, teamcity_space: 220, bitbucket_bandwidth: 12.23, jenkins_bandwidth: 3.23, artifactory_bandwidth: 66.14
[2026-07-30 06:42:32] [INFO] [INFRA_SIMULATOR] s3_storage | Status: Healthy | Metrics: latency: 14.93, space: 1420, bandwidth: 82, bitbucket_space: 451, jenkins_space: 125, artifactory_space: 1452, fortify_space: 85, teamcity_space: 220, bitbucket_bandwidth: 12.42, jenkins_bandwidth: 3.03, artifactory_bandwidth: 63.21
[2026-07-30 06:42:42] [INFO] [INFRA_SIMULATOR] s3_storage | Status: Healthy | Metrics: latency: 15.22, space: 1422, bandwidth: 83, bitbucket_space: 451, jenkins_space: 125, artifactory_space: 1451, fortify_space: 85, teamcity_space: 220, bitbucket_bandwidth: 12.69, jenkins_bandwidth: 3.45, artifactory_bandwidth: 65.59
[2026-07-30 06:42:52] [INFO] [INFRA_SIMULATOR] s3_storage | Status: Healthy | Metrics: latency: 14.62, space: 1424, bandwidth: 84, bitbucket_space: 450, jenkins_space: 125, artifactory_space: 1451, fortify_space: 85, teamcity_space: 220, bitbucket_bandwidth: 12.1, jenkins_bandwidth: 3.16, artifactory_bandwidth: 64.89
[2026-07-30 06:43:02] [INFO] [INFRA_SIMULATOR] s3_storage | Status: Healthy | Metrics: latency: 15.67, space: 1421, bandwidth: 81, bitbucket_space: 451, jenkins_space: 125, artifactory_space: 1452, fortify_space: 85, teamcity_space: 220, bitbucket_bandwidth: 12.84, jenkins_bandwidth: 3.41, artifactory_bandwidth: 66.36
[2026-07-30 06:43:12] [INFO] [INFRA_SIMULATOR] s3_storage | Status: Healthy | Metrics: latency: 15.68, space: 1424, bandwidth: 83, bitbucket_space: 450, jenkins_space: 125, artifactory_space: 1451, fortify_space: 85, teamcity_space: 220, bitbucket_bandwidth: 12.68, jenkins_bandwidth: 3.15, artifactory_bandwidth: 65.74
[2026-07-30 06:43:22] [INFO] [INFRA_SIMULATOR] s3_storage | Status: Healthy | Metrics: latency: 16.08, space: 1422, bandwidth: 88, bitbucket_space: 451, jenkins_space: 125, artifactory_space: 1452, fortify_space: 85, teamcity_space: 220, bitbucket_bandwidth: 12.34, jenkins_bandwidth: 3.01, artifactory_bandwidth: 66.56
[2026-07-30 06:43:22] [INFO] [LOG_AGENT] [S3-BUCK] Performing multipart backup archiving snapshot sentinel_db_dump.sql (bandwidth: 84.5 MB/s)
[2026-07-30 06:43:32] [INFO] [INFRA_SIMULATOR] s3_storage | Status: Healthy | Metrics: latency: 14.44, space: 1420, bandwidth: 85, bitbucket_space: 450, jenkins_space: 125, artifactory_space: 1450, fortify_space: 85, teamcity_space: 220, bitbucket_bandwidth: 12.01, jenkins_bandwidth: 3.06, artifactory_bandwidth: 64.85
[2026-07-30 06:43:42] [INFO] [INFRA_SIMULATOR] s3_storage | Status: Healthy | Metrics: latency: 15.83, space: 1422, bandwidth: 86, bitbucket_space: 451, jenkins_space: 125, artifactory_space: 1450, fortify_space: 85, teamcity_space: 220, bitbucket_bandwidth: 12.01, jenkins_bandwidth: 3.09, artifactory_bandwidth: 64.79
[2026-07-30 06:43:52] [INFO] [INFRA_SIMULATOR] s3_storage | Status: Healthy | Metrics: latency: 15.21, space: 1423, bandwidth: 83, bitbucket_space: 451, jenkins_space: 125, artifactory_space: 1451, fortify_space: 85, teamcity_space: 220, bitbucket_bandwidth: 12.62, jenkins_bandwidth: 3.33, artifactory_bandwidth: 66.74
[2026-07-30 06:44:02] [INFO] [INFRA_SIMULATOR] s3_storage | Status: Healthy | Metrics: latency: 15.82, space: 1420, bandwidth: 85, bitbucket_space: 450, jenkins_space: 125, artifactory_space: 1452, fortify_space: 85, teamcity_space: 220, bitbucket_bandwidth: 12.05, jenkins_bandwidth: 2.99, artifactory_bandwidth: 63.99
[2026-07-30 06:44:12] [INFO] [INFRA_SIMULATOR] s3_storage | Status: Healthy | Metrics: latency: 16.01, space: 1421, bandwidth: 86, bitbucket_space: 450, jenkins_space: 125, artifactory_space: 1452, fortify_space: 85, teamcity_space: 220, bitbucket_bandwidth: 12.44, jenkins_bandwidth: 3.05, artifactory_bandwidth: 65.64
[2026-07-30 06:44:12] [INFO] [LOG_AGENT] [S3-BUCK] Performing multipart backup archiving snapshot sentinel_db_dump.sql (bandwidth: 84.5 MB/s)
[2026-07-30 06:44:22] [INFO] [INFRA_SIMULATOR] s3_storage | Status: Healthy | Metrics: latency: 15.18, space: 1424, bandwidth: 83, bitbucket_space: 451, jenkins_space: 125, artifactory_space: 1451, fortify_space: 85, teamcity_space: 220, bitbucket_bandwidth: 12.89, jenkins_bandwidth: 3.28, artifactory_bandwidth: 66
[2026-07-30 06:44:22] [INFO] [LOG_AGENT] [S3-BUCK] Performing multipart backup archiving snapshot sentinel_db_dump.sql (bandwidth: 84.5 MB/s)
[2026-07-30 06:44:32] [INFO] [INFRA_SIMULATOR] s3_storage | Status: Healthy | Metrics: latency: 15.37, space: 1424, bandwidth: 83, bitbucket_space: 450, jenkins_space: 125, artifactory_space: 1450, fortify_space: 85, teamcity_space: 220, bitbucket_bandwidth: 12.06, jenkins_bandwidth: 3.11, artifactory_bandwidth: 63.58
[2026-07-30 06:44:32] [INFO] [LOG_AGENT] [S3-BUCK] Performing multipart backup archiving snapshot sentinel_db_dump.sql (bandwidth: 84.5 MB/s)
[2026-07-30 06:44:42] [INFO] [INFRA_SIMULATOR] s3_storage | Status: Healthy | Metrics: latency: 15.43, space: 1421, bandwidth: 84, bitbucket_space: 450, jenkins_space: 125, artifactory_space: 1452, fortify_space: 85, teamcity_space: 220, bitbucket_bandwidth: 12.9, jenkins_bandwidth: 3.24, artifactory_bandwidth: 62.98
[2026-07-30 06:44:42] [INFO] [LOG_AGENT] [S3-BUCK] Performing multipart backup archiving snapshot sentinel_db_dump.sql (bandwidth: 84.5 MB/s)
[2026-07-30 06:44:52] [INFO] [INFRA_SIMULATOR] s3_storage | Status: Healthy | Metrics: latency: 15.67, space: 1423, bandwidth: 86, bitbucket_space: 451, jenkins_space: 125, artifactory_space: 1451, fortify_space: 85, teamcity_space: 220, bitbucket_bandwidth: 12.48, jenkins_bandwidth: 3.22, artifactory_bandwidth: 66.56
[2026-07-30 06:45:02] [INFO] [INFRA_SIMULATOR] s3_storage | Status: Healthy | Metrics: latency: 15.72, space: 1423, bandwidth: 86, bitbucket_space: 450, jenkins_space: 125, artifactory_space: 1451, fortify_space: 85, teamcity_space: 220, bitbucket_bandwidth: 12.57, jenkins_bandwidth: 2.97, artifactory_bandwidth: 63.75
[2026-07-30 06:45:12] [INFO] [INFRA_SIMULATOR] s3_storage | Status: Healthy | Metrics: latency: 15.3, space: 1420, bandwidth: 83, bitbucket_space: 451, jenkins_space: 125, artifactory_space: 1452, fortify_space: 85, teamcity_space: 220, bitbucket_bandwidth: 12.82, jenkins_bandwidth: 3.26, artifactory_bandwidth: 65.85
[2026-07-30 06:45:22] [INFO] [INFRA_SIMULATOR] s3_storage | Status: Healthy | Metrics: latency: 14.46, space: 1424, bandwidth: 88, bitbucket_space: 450, jenkins_space: 125, artifactory_space: 1451, fortify_space: 85, teamcity_space: 220, bitbucket_bandwidth: 12.19, jenkins_bandwidth: 3.43, artifactory_bandwidth: 65.12
[2026-07-30 06:45:22] [INFO] [LOG_AGENT] [S3-BUCK] Performing multipart backup archiving snapshot sentinel_db_dump.sql (bandwidth: 84.5 MB/s)
[2026-07-30 06:45:32] [INFO] [INFRA_SIMULATOR] s3_storage | Status: Healthy | Metrics: latency: 14.59, space: 1420, bandwidth: 86, bitbucket_space: 451, jenkins_space: 125, artifactory_space: 1450, fortify_space: 85, teamcity_space: 220, bitbucket_bandwidth: 12.34, jenkins_bandwidth: 2.98, artifactory_bandwidth: 66.43
[2026-07-30 06:45:42] [INFO] [INFRA_SIMULATOR] s3_storage | Status: Healthy | Metrics: latency: 14.95, space: 1424, bandwidth: 86, bitbucket_space: 450, jenkins_space: 125, artifactory_space: 1450, fortify_space: 85, teamcity_space: 220, bitbucket_bandwidth: 12.78, jenkins_bandwidth: 3.09, artifactory_bandwidth: 64.96
[2026-07-30 06:45:52] [INFO] [INFRA_SIMULATOR] s3_storage | Status: Healthy | Metrics: latency: 14.46, space: 1422, bandwidth: 87, bitbucket_space: 451, jenkins_space: 125, artifactory_space: 1450, fortify_space: 85, teamcity_space: 220, bitbucket_bandwidth: 12.44, jenkins_bandwidth: 3.25, artifactory_bandwidth: 63.43
[2026-07-30 06:46:02] [INFO] [INFRA_SIMULATOR] s3_storage | Status: Healthy | Metrics: latency: 15.83, space: 1422, bandwidth: 81, bitbucket_space: 450, jenkins_space: 125, artifactory_space: 1450, fortify_space: 85, teamcity_space: 220, bitbucket_bandwidth: 12.67, jenkins_bandwidth: 3.26, artifactory_bandwidth: 62.97
[2026-07-30 06:46:12] [INFO] [INFRA_SIMULATOR] s3_storage | Status: Healthy | Metrics: latency: 14.96, space: 1421, bandwidth: 81, bitbucket_space: 451, jenkins_space: 125, artifactory_space: 1451, fortify_space: 85, teamcity_space: 220, bitbucket_bandwidth: 12.13, jenkins_bandwidth: 3.22, artifactory_bandwidth: 64.72
[2026-07-30 06:46:22] [INFO] [INFRA_SIMULATOR] s3_storage | Status: Healthy | Metrics: latency: 14.6, space: 1421, bandwidth: 81, bitbucket_space: 450, jenkins_space: 125, artifactory_space: 1450, fortify_space: 85, teamcity_space: 220, bitbucket_bandwidth: 12.63, jenkins_bandwidth: 3.31, artifactory_bandwidth: 65.92
[2026-07-30 06:46:32] [INFO] [INFRA_SIMULATOR] s3_storage | Status: Healthy | Metrics: latency: 15.99, space: 1422, bandwidth: 86, bitbucket_space: 451, jenkins_space: 125, artifactory_space: 1452, fortify_space: 85, teamcity_space: 220, bitbucket_bandwidth: 12.22, jenkins_bandwidth: 3.13, artifactory_bandwidth: 63.14
[2026-07-30 06:46:42] [INFO] [INFRA_SIMULATOR] s3_storage | Status: Healthy | Metrics: latency: 15.45, space: 1423, bandwidth: 87, bitbucket_space: 450, jenkins_space: 125, artifactory_space: 1452, fortify_space: 85, teamcity_space: 220, bitbucket_bandwidth: 12.68, jenkins_bandwidth: 3, artifactory_bandwidth: 63.43
[2026-07-30 06:46:52] [INFO] [INFRA_SIMULATOR] s3_storage | Status: Healthy | Metrics: latency: 15.89, space: 1421, bandwidth: 88, bitbucket_space: 451, jenkins_space: 125, artifactory_space: 1451, fortify_space: 85, teamcity_space: 220, bitbucket_bandwidth: 12.82, jenkins_bandwidth: 3.27, artifactory_bandwidth: 65.2
[2026-07-30 06:47:02] [INFO] [INFRA_SIMULATOR] s3_storage | Status: Healthy | Metrics: latency: 15.07, space: 1421, bandwidth: 85, bitbucket_space: 450, jenkins_space: 125, artifactory_space: 1450, fortify_space: 85, teamcity_space: 220, bitbucket_bandwidth: 12.75, jenkins_bandwidth: 3.25, artifactory_bandwidth: 65.04
[2026-07-30 06:47:12] [INFO] [INFRA_SIMULATOR] s3_storage | Status: Healthy | Metrics: latency: 14.76, space: 1422, bandwidth: 86, bitbucket_space: 450, jenkins_space: 125, artifactory_space: 1451, fortify_space: 85, teamcity_space: 220, bitbucket_bandwidth: 12.85, jenkins_bandwidth: 3.14, artifactory_bandwidth: 66.15
[2026-07-30 06:47:22] [INFO] [INFRA_SIMULATOR] s3_storage | Status: Healthy | Metrics: latency: 15.81, space: 1422, bandwidth: 88, bitbucket_space: 450, jenkins_space: 125, artifactory_space: 1452, fortify_space: 85, teamcity_space: 220, bitbucket_bandwidth: 12.24, jenkins_bandwidth: 3.44, artifactory_bandwidth: 63.08
[2026-07-30 06:47:22] [INFO] [LOG_AGENT] [S3-BUCK] Performing multipart backup archiving snapshot sentinel_db_dump.sql (bandwidth: 84.5 MB/s)
[2026-07-30 06:47:32] [INFO] [INFRA_SIMULATOR] s3_storage | Status: Healthy | Metrics: latency: 15.2, space: 1423, bandwidth: 86, bitbucket_space: 451, jenkins_space: 125, artifactory_space: 1451, fortify_space: 85, teamcity_space: 220, bitbucket_bandwidth: 12.44, jenkins_bandwidth: 3.26, artifactory_bandwidth: 63.66
[2026-07-30 06:47:42] [INFO] [INFRA_SIMULATOR] s3_storage | Status: Healthy | Metrics: latency: 15.12, space: 1420, bandwidth: 87, bitbucket_space: 450, jenkins_space: 125, artifactory_space: 1451, fortify_space: 85, teamcity_space: 220, bitbucket_bandwidth: 12.19, jenkins_bandwidth: 2.98, artifactory_bandwidth: 63.37
[2026-07-30 06:47:52] [INFO] [INFRA_SIMULATOR] s3_storage | Status: Healthy | Metrics: latency: 15.3, space: 1424, bandwidth: 86, bitbucket_space: 450, jenkins_space: 125, artifactory_space: 1450, fortify_space: 85, teamcity_space: 220, bitbucket_bandwidth: 12.52, jenkins_bandwidth: 2.99, artifactory_bandwidth: 65.91
[2026-07-30 06:48:02] [INFO] [INFRA_SIMULATOR] s3_storage | Status: Healthy | Metrics: latency: 14.97, space: 1420, bandwidth: 87, bitbucket_space: 450, jenkins_space: 125, artifactory_space: 1451, fortify_space: 85, teamcity_space: 220, bitbucket_bandwidth: 12.72, jenkins_bandwidth: 3.25, artifactory_bandwidth: 64.54
[2026-07-30 06:48:02] [INFO] [LOG_AGENT] [S3-BUCK] Performing multipart backup archiving snapshot sentinel_db_dump.sql (bandwidth: 84.5 MB/s)
[2026-07-30 06:48:12] [INFO] [INFRA_SIMULATOR] s3_storage | Status: Healthy | Metrics: latency: 16.1, space: 1423, bandwidth: 81, bitbucket_space: 450, jenkins_space: 125, artifactory_space: 1451, fortify_space: 85, teamcity_space: 220, bitbucket_bandwidth: 12.82, jenkins_bandwidth: 3.38, artifactory_bandwidth: 63.43
[2026-07-30 06:48:22] [INFO] [INFRA_SIMULATOR] s3_storage | Status: Healthy | Metrics: latency: 15.39, space: 1422, bandwidth: 87, bitbucket_space: 451, jenkins_space: 125, artifactory_space: 1450, fortify_space: 85, teamcity_space: 220, bitbucket_bandwidth: 12.59, jenkins_bandwidth: 2.95, artifactory_bandwidth: 64.02
[2026-07-30 06:48:32] [INFO] [INFRA_SIMULATOR] s3_storage | Status: Healthy | Metrics: latency: 14.5, space: 1422, bandwidth: 85, bitbucket_space: 450, jenkins_space: 125, artifactory_space: 1451, fortify_space: 85, teamcity_space: 220, bitbucket_bandwidth: 12.76, jenkins_bandwidth: 3.21, artifactory_bandwidth: 65.16
[2026-07-30 06:48:42] [INFO] [INFRA_SIMULATOR] s3_storage | Status: Healthy | Metrics: latency: 16.23, space: 1422, bandwidth: 82, bitbucket_space: 451, jenkins_space: 125, artifactory_space: 1451, fortify_space: 85, teamcity_space: 220, bitbucket_bandwidth: 12.15, jenkins_bandwidth: 3.29, artifactory_bandwidth: 64.03
[2026-07-30 06:48:52] [INFO] [INFRA_SIMULATOR] s3_storage | Status: Healthy | Metrics: latency: 15.04, space: 1422, bandwidth: 84, bitbucket_space: 450, jenkins_space: 125, artifactory_space: 1452, fortify_space: 85, teamcity_space: 220, bitbucket_bandwidth: 12.35, jenkins_bandwidth: 3.12, artifactory_bandwidth: 66.31
[2026-07-30 06:49:02] [INFO] [INFRA_SIMULATOR] s3_storage | Status: Healthy | Metrics: latency: 14.47, space: 1423, bandwidth: 84, bitbucket_space: 450, jenkins_space: 125, artifactory_space: 1450, fortify_space: 85, teamcity_space: 220, bitbucket_bandwidth: 13, jenkins_bandwidth: 3.33, artifactory_bandwidth: 63.51
[2026-07-30 06:49:12] [INFO] [INFRA_SIMULATOR] s3_storage | Status: Healthy | Metrics: latency: 16.15, space: 1420, bandwidth: 81, bitbucket_space: 451, jenkins_space: 125, artifactory_space: 1451, fortify_space: 85, teamcity_space: 220, bitbucket_bandwidth: 12.92, jenkins_bandwidth: 3.41, artifactory_bandwidth: 65.03
[2026-07-30 06:49:22] [INFO] [INFRA_SIMULATOR] s3_storage | Status: Healthy | Metrics: latency: 15.36, space: 1422, bandwidth: 85, bitbucket_space: 451, jenkins_space: 125, artifactory_space: 1451, fortify_space: 85, teamcity_space: 220, bitbucket_bandwidth: 12.3, jenkins_bandwidth: 3.28, artifactory_bandwidth: 64.59
[2026-07-30 06:49:22] [INFO] [LOG_AGENT] [S3-BUCK] Performing multipart backup archiving snapshot sentinel_db_dump.sql (bandwidth: 84.5 MB/s)
[2026-07-30 06:49:32] [INFO] [INFRA_SIMULATOR] s3_storage | Status: Healthy | Metrics: latency: 15.29, space: 1423, bandwidth: 86, bitbucket_space: 450, jenkins_space: 125, artifactory_space: 1452, fortify_space: 85, teamcity_space: 220, bitbucket_bandwidth: 12.45, jenkins_bandwidth: 3.29, artifactory_bandwidth: 66.19
[2026-07-30 06:49:32] [INFO] [LOG_AGENT] [S3-BUCK] Performing multipart backup archiving snapshot sentinel_db_dump.sql (bandwidth: 84.5 MB/s)
[2026-07-30 06:49:42] [INFO] [INFRA_SIMULATOR] s3_storage | Status: Healthy | Metrics: latency: 14.91, space: 1423, bandwidth: 81, bitbucket_space: 450, jenkins_space: 125, artifactory_space: 1452, fortify_space: 85, teamcity_space: 220, bitbucket_bandwidth: 12.32, jenkins_bandwidth: 3.36, artifactory_bandwidth: 65.2
[2026-07-30 06:49:52] [INFO] [INFRA_SIMULATOR] s3_storage | Status: Healthy | Metrics: latency: 15.28, space: 1421, bandwidth: 82, bitbucket_space: 450, jenkins_space: 125, artifactory_space: 1451, fortify_space: 85, teamcity_space: 220, bitbucket_bandwidth: 12.54, jenkins_bandwidth: 3.27, artifactory_bandwidth: 66.41
[2026-07-30 06:50:02] [INFO] [INFRA_SIMULATOR] s3_storage | Status: Healthy | Metrics: latency: 15.93, space: 1422, bandwidth: 85, bitbucket_space: 451, jenkins_space: 125, artifactory_space: 1452, fortify_space: 85, teamcity_space: 220, bitbucket_bandwidth: 12.23, jenkins_bandwidth: 3.38, artifactory_bandwidth: 63.35
[2026-07-30 06:50:12] [INFO] [INFRA_SIMULATOR] s3_storage | Status: Healthy | Metrics: latency: 14.85, space: 1422, bandwidth: 84, bitbucket_space: 451, jenkins_space: 125, artifactory_space: 1451, fortify_space: 85, teamcity_space: 220, bitbucket_bandwidth: 12.18, jenkins_bandwidth: 3.14, artifactory_bandwidth: 63.58
[2026-07-30 06:50:12] [INFO] [LOG_AGENT] [S3-BUCK] Performing multipart backup archiving snapshot sentinel_db_dump.sql (bandwidth: 84.5 MB/s)
[2026-07-30 06:50:12] [INFO] [LOG_AGENT] [S3-BUCK] Performing multipart backup archiving snapshot sentinel_db_dump.sql (bandwidth: 84.5 MB/s)
[2026-07-30 06:50:22] [INFO] [INFRA_SIMULATOR] s3_storage | Status: Healthy | Metrics: latency: 15.93, space: 1421, bandwidth: 85, bitbucket_space: 451, jenkins_space: 125, artifactory_space: 1451, fortify_space: 85, teamcity_space: 220, bitbucket_bandwidth: 12.04, jenkins_bandwidth: 3.41, artifactory_bandwidth: 65.84
[2026-07-30 06:50:32] [INFO] [INFRA_SIMULATOR] s3_storage | Status: Healthy | Metrics: latency: 15.51, space: 1421, bandwidth: 81, bitbucket_space: 450, jenkins_space: 125, artifactory_space: 1452, fortify_space: 85, teamcity_space: 220, bitbucket_bandwidth: 12.56, jenkins_bandwidth: 3.08, artifactory_bandwidth: 66.35
[2026-07-30 06:50:42] [INFO] [INFRA_SIMULATOR] s3_storage | Status: Healthy | Metrics: latency: 14.44, space: 1423, bandwidth: 83, bitbucket_space: 450, jenkins_space: 125, artifactory_space: 1452, fortify_space: 85, teamcity_space: 220, bitbucket_bandwidth: 12.91, jenkins_bandwidth: 3.31, artifactory_bandwidth: 63.34
[2026-07-30 06:50:42] [INFO] [LOG_AGENT] [S3-BUCK] Performing multipart backup archiving snapshot sentinel_db_dump.sql (bandwidth: 84.5 MB/s)
[2026-07-30 06:50:52] [INFO] [INFRA_SIMULATOR] s3_storage | Status: Healthy | Metrics: latency: 15.3, space: 1420, bandwidth: 82, bitbucket_space: 450, jenkins_space: 125, artifactory_space: 1450, fortify_space: 85, teamcity_space: 220, bitbucket_bandwidth: 12.46, jenkins_bandwidth: 3.41, artifactory_bandwidth: 62.95
[2026-07-30 06:50:52] [INFO] [LOG_AGENT] [S3-BUCK] Performing multipart backup archiving snapshot sentinel_db_dump.sql (bandwidth: 84.5 MB/s)
[2026-07-30 06:51:02] [INFO] [INFRA_SIMULATOR] s3_storage | Status: Healthy | Metrics: latency: 15.4, space: 1420, bandwidth: 82, bitbucket_space: 451, jenkins_space: 125, artifactory_space: 1450, fortify_space: 85, teamcity_space: 220, bitbucket_bandwidth: 12.05, jenkins_bandwidth: 3.11, artifactory_bandwidth: 66.71
[2026-07-30 06:51:02] [INFO] [LOG_AGENT] [S3-BUCK] Performing multipart backup archiving snapshot sentinel_db_dump.sql (bandwidth: 84.5 MB/s)
[2026-07-30 06:51:12] [INFO] [INFRA_SIMULATOR] s3_storage | Status: Healthy | Metrics: latency: 16.07, space: 1422, bandwidth: 84, bitbucket_space: 451, jenkins_space: 125, artifactory_space: 1450, fortify_space: 85, teamcity_space: 220, bitbucket_bandwidth: 12.15, jenkins_bandwidth: 3.35, artifactory_bandwidth: 65.79
[2026-07-30 06:51:22] [INFO] [INFRA_SIMULATOR] s3_storage | Status: Healthy | Metrics: latency: 16.12, space: 1422, bandwidth: 85, bitbucket_space: 451, jenkins_space: 125, artifactory_space: 1450, fortify_space: 85, teamcity_space: 220, bitbucket_bandwidth: 12.26, jenkins_bandwidth: 3.38, artifactory_bandwidth: 66.3
[2026-07-30 06:51:32] [INFO] [INFRA_SIMULATOR] s3_storage | Status: Healthy | Metrics: latency: 15.31, space: 1424, bandwidth: 82, bitbucket_space: 451, jenkins_space: 125, artifactory_space: 1451, fortify_space: 85, teamcity_space: 220, bitbucket_bandwidth: 12.02, jenkins_bandwidth: 3.39, artifactory_bandwidth: 64.56
[2026-07-30 06:51:42] [INFO] [INFRA_SIMULATOR] s3_storage | Status: Healthy | Metrics: latency: 14.42, space: 1421, bandwidth: 82, bitbucket_space: 451, jenkins_space: 125, artifactory_space: 1451, fortify_space: 85, teamcity_space: 220, bitbucket_bandwidth: 12.6, jenkins_bandwidth: 3.07, artifactory_bandwidth: 66.5
[2026-07-30 06:51:52] [INFO] [INFRA_SIMULATOR] s3_storage | Status: Healthy | Metrics: latency: 14.45, space: 1421, bandwidth: 85, bitbucket_space: 450, jenkins_space: 125, artifactory_space: 1452, fortify_space: 85, teamcity_space: 220, bitbucket_bandwidth: 12.55, jenkins_bandwidth: 3.11, artifactory_bandwidth: 65.89
[2026-07-30 06:52:02] [INFO] [INFRA_SIMULATOR] s3_storage | Status: Healthy | Metrics: latency: 16.25, space: 1420, bandwidth: 88, bitbucket_space: 450, jenkins_space: 125, artifactory_space: 1451, fortify_space: 85, teamcity_space: 220, bitbucket_bandwidth: 12.11, jenkins_bandwidth: 3.43, artifactory_bandwidth: 63.83
[2026-07-30 06:52:12] [INFO] [INFRA_SIMULATOR] s3_storage | Status: Healthy | Metrics: latency: 15.12, space: 1422, bandwidth: 88, bitbucket_space: 450, jenkins_space: 125, artifactory_space: 1450, fortify_space: 85, teamcity_space: 220, bitbucket_bandwidth: 12.26, jenkins_bandwidth: 3.22, artifactory_bandwidth: 66.59
[2026-07-30 06:52:12] [INFO] [LOG_AGENT] [S3-BUCK] Performing multipart backup archiving snapshot sentinel_db_dump.sql (bandwidth: 84.5 MB/s)
[2026-07-30 06:52:22] [INFO] [INFRA_SIMULATOR] s3_storage | Status: Healthy | Metrics: latency: 14.79, space: 1422, bandwidth: 81, bitbucket_space: 450, jenkins_space: 125, artifactory_space: 1450, fortify_space: 85, teamcity_space: 220, bitbucket_bandwidth: 12.78, jenkins_bandwidth: 3.37, artifactory_bandwidth: 64.57
[2026-07-30 06:52:32] [INFO] [INFRA_SIMULATOR] s3_storage | Status: Healthy | Metrics: latency: 15.65, space: 1422, bandwidth: 88, bitbucket_space: 450, jenkins_space: 125, artifactory_space: 1452, fortify_space: 85, teamcity_space: 220, bitbucket_bandwidth: 12.77, jenkins_bandwidth: 3.14, artifactory_bandwidth: 66.63
[2026-07-30 06:52:42] [INFO] [INFRA_SIMULATOR] s3_storage | Status: Healthy | Metrics: latency: 15.81, space: 1423, bandwidth: 88, bitbucket_space: 450, jenkins_space: 125, artifactory_space: 1450, fortify_space: 85, teamcity_space: 220, bitbucket_bandwidth: 12.92, jenkins_bandwidth: 3.38, artifactory_bandwidth: 65.67
[2026-07-30 06:52:52] [INFO] [INFRA_SIMULATOR] s3_storage | Status: Healthy | Metrics: latency: 15.83, space: 1421, bandwidth: 88, bitbucket_space: 451, jenkins_space: 125, artifactory_space: 1452, fortify_space: 85, teamcity_space: 220, bitbucket_bandwidth: 12.41, jenkins_bandwidth: 2.97, artifactory_bandwidth: 64.94
[2026-07-30 06:53:02] [INFO] [INFRA_SIMULATOR] s3_storage | Status: Healthy | Metrics: latency: 14.92, space: 1423, bandwidth: 82, bitbucket_space: 450, jenkins_space: 125, artifactory_space: 1452, fortify_space: 85, teamcity_space: 220, bitbucket_bandwidth: 12.8, jenkins_bandwidth: 3.28, artifactory_bandwidth: 66.47
[2026-07-30 06:53:12] [INFO] [INFRA_SIMULATOR] s3_storage | Status: Healthy | Metrics: latency: 14.86, space: 1420, bandwidth: 84, bitbucket_space: 450, jenkins_space: 125, artifactory_space: 1452, fortify_space: 85, teamcity_space: 220, bitbucket_bandwidth: 12.38, jenkins_bandwidth: 3.42, artifactory_bandwidth: 65.63
[2026-07-30 06:53:22] [INFO] [INFRA_SIMULATOR] s3_storage | Status: Healthy | Metrics: latency: 15.03, space: 1424, bandwidth: 81, bitbucket_space: 451, jenkins_space: 125, artifactory_space: 1450, fortify_space: 85, teamcity_space: 220, bitbucket_bandwidth: 12.28, jenkins_bandwidth: 3.17, artifactory_bandwidth: 66.78
[2026-07-30 06:53:22] [INFO] [LOG_AGENT] [S3-BUCK] Performing multipart backup archiving snapshot sentinel_db_dump.sql (bandwidth: 84.5 MB/s)
[2026-07-30 06:53:32] [INFO] [INFRA_SIMULATOR] s3_storage | Status: Healthy | Metrics: latency: 15.33, space: 1423, bandwidth: 87, bitbucket_space: 451, jenkins_space: 125, artifactory_space: 1451, fortify_space: 85, teamcity_space: 220, bitbucket_bandwidth: 12.01, jenkins_bandwidth: 3.13, artifactory_bandwidth: 66.27
[2026-07-30 06:53:42] [INFO] [INFRA_SIMULATOR] s3_storage | Status: Healthy | Metrics: latency: 14.88, space: 1421, bandwidth: 85, bitbucket_space: 451, jenkins_space: 125, artifactory_space: 1451, fortify_space: 85, teamcity_space: 220, bitbucket_bandwidth: 12.52, jenkins_bandwidth: 3.41, artifactory_bandwidth: 65.92
[2026-07-30 06:53:52] [INFO] [INFRA_SIMULATOR] s3_storage | Status: Healthy | Metrics: latency: 14.85, space: 1420, bandwidth: 88, bitbucket_space: 451, jenkins_space: 125, artifactory_space: 1452, fortify_space: 85, teamcity_space: 220, bitbucket_bandwidth: 12.7, jenkins_bandwidth: 3.4, artifactory_bandwidth: 64.83
[2026-07-30 06:53:52] [INFO] [LOG_AGENT] [S3-BUCK] Performing multipart backup archiving snapshot sentinel_db_dump.sql (bandwidth: 84.5 MB/s)
[2026-07-30 06:54:02] [INFO] [INFRA_SIMULATOR] s3_storage | Status: Healthy | Metrics: latency: 16.3, space: 1423, bandwidth: 85, bitbucket_space: 451, jenkins_space: 125, artifactory_space: 1452, fortify_space: 85, teamcity_space: 220, bitbucket_bandwidth: 12.52, jenkins_bandwidth: 3.39, artifactory_bandwidth: 63.5
[2026-07-30 06:54:12] [INFO] [INFRA_SIMULATOR] s3_storage | Status: Healthy | Metrics: latency: 14.43, space: 1423, bandwidth: 84, bitbucket_space: 451, jenkins_space: 125, artifactory_space: 1451, fortify_space: 85, teamcity_space: 220, bitbucket_bandwidth: 12.24, jenkins_bandwidth: 2.95, artifactory_bandwidth: 65.87
[2026-07-30 06:54:22] [INFO] [INFRA_SIMULATOR] s3_storage | Status: Healthy | Metrics: latency: 15.04, space: 1424, bandwidth: 82, bitbucket_space: 451, jenkins_space: 125, artifactory_space: 1450, fortify_space: 85, teamcity_space: 220, bitbucket_bandwidth: 12.91, jenkins_bandwidth: 3.29, artifactory_bandwidth: 63.23
[2026-07-30 06:54:32] [INFO] [INFRA_SIMULATOR] s3_storage | Status: Healthy | Metrics: latency: 14.66, space: 1423, bandwidth: 87, bitbucket_space: 450, jenkins_space: 125, artifactory_space: 1450, fortify_space: 85, teamcity_space: 220, bitbucket_bandwidth: 12.18, jenkins_bandwidth: 3.32, artifactory_bandwidth: 63.2
[2026-07-30 06:54:42] [INFO] [INFRA_SIMULATOR] s3_storage | Status: Healthy | Metrics: latency: 14.93, space: 1424, bandwidth: 83, bitbucket_space: 450, jenkins_space: 125, artifactory_space: 1450, fortify_space: 85, teamcity_space: 220, bitbucket_bandwidth: 12.58, jenkins_bandwidth: 3.06, artifactory_bandwidth: 66.43
[2026-07-30 06:54:52] [INFO] [INFRA_SIMULATOR] s3_storage | Status: Healthy | Metrics: latency: 16.31, space: 1424, bandwidth: 88, bitbucket_space: 450, jenkins_space: 125, artifactory_space: 1452, fortify_space: 85, teamcity_space: 220, bitbucket_bandwidth: 12.72, jenkins_bandwidth: 3.23, artifactory_bandwidth: 64.94
[2026-07-30 06:55:02] [INFO] [INFRA_SIMULATOR] s3_storage | Status: Healthy | Metrics: latency: 16.27, space: 1423, bandwidth: 88, bitbucket_space: 450, jenkins_space: 125, artifactory_space: 1451, fortify_space: 85, teamcity_space: 220, bitbucket_bandwidth: 12.97, jenkins_bandwidth: 2.97, artifactory_bandwidth: 65.56
[2026-07-30 06:55:12] [INFO] [INFRA_SIMULATOR] s3_storage | Status: Healthy | Metrics: latency: 15.05, space: 1424, bandwidth: 83, bitbucket_space: 451, jenkins_space: 125, artifactory_space: 1450, fortify_space: 85, teamcity_space: 220, bitbucket_bandwidth: 12.25, jenkins_bandwidth: 3.45, artifactory_bandwidth: 65.54
[2026-07-30 06:55:13] [INFO] [LOG_AGENT] [S3-BUCK] Performing multipart backup archiving snapshot sentinel_db_dump.sql (bandwidth: 84.5 MB/s)
[2026-07-30 06:55:22] [INFO] [INFRA_SIMULATOR] s3_storage | Status: Healthy | Metrics: latency: 15.42, space: 1423, bandwidth: 81, bitbucket_space: 450, jenkins_space: 125, artifactory_space: 1450, fortify_space: 85, teamcity_space: 220, bitbucket_bandwidth: 12.96, jenkins_bandwidth: 3.03, artifactory_bandwidth: 65.57
[2026-07-30 06:55:32] [INFO] [INFRA_SIMULATOR] s3_storage | Status: Healthy | Metrics: latency: 15.66, space: 1420, bandwidth: 83, bitbucket_space: 450, jenkins_space: 125, artifactory_space: 1452, fortify_space: 85, teamcity_space: 220, bitbucket_bandwidth: 12.2, jenkins_bandwidth: 3.33, artifactory_bandwidth: 63.12
[2026-07-30 06:55:42] [INFO] [INFRA_SIMULATOR] s3_storage | Status: Healthy | Metrics: latency: 14.8, space: 1420, bandwidth: 86, bitbucket_space: 450, jenkins_space: 125, artifactory_space: 1452, fortify_space: 85, teamcity_space: 220, bitbucket_bandwidth: 12.11, jenkins_bandwidth: 3.07, artifactory_bandwidth: 65.92
[2026-07-30 06:55:52] [INFO] [INFRA_SIMULATOR] s3_storage | Status: Healthy | Metrics: latency: 14.44, space: 1423, bandwidth: 87, bitbucket_space: 451, jenkins_space: 125, artifactory_space: 1451, fortify_space: 85, teamcity_space: 220, bitbucket_bandwidth: 12.69, jenkins_bandwidth: 3.27, artifactory_bandwidth: 64.03
[2026-07-30 06:56:02] [INFO] [INFRA_SIMULATOR] s3_storage | Status: Healthy | Metrics: latency: 16.23, space: 1422, bandwidth: 81, bitbucket_space: 451, jenkins_space: 125, artifactory_space: 1452, fortify_space: 85, teamcity_space: 220, bitbucket_bandwidth: 12.01, jenkins_bandwidth: 3.29, artifactory_bandwidth: 65.37
[2026-07-30 06:56:03] [INFO] [LOG_AGENT] [S3-BUCK] Performing multipart backup archiving snapshot sentinel_db_dump.sql (bandwidth: 84.5 MB/s)
[2026-07-30 06:56:12] [INFO] [INFRA_SIMULATOR] s3_storage | Status: Healthy | Metrics: latency: 16.35, space: 1420, bandwidth: 86, bitbucket_space: 451, jenkins_space: 125, artifactory_space: 1451, fortify_space: 85, teamcity_space: 220, bitbucket_bandwidth: 12.84, jenkins_bandwidth: 3.29, artifactory_bandwidth: 63.11
[2026-07-30 06:56:13] [INFO] [LOG_AGENT] [S3-BUCK] Performing multipart backup archiving snapshot sentinel_db_dump.sql (bandwidth: 84.5 MB/s)
[2026-07-30 06:56:22] [INFO] [INFRA_SIMULATOR] s3_storage | Status: Healthy | Metrics: latency: 14.7, space: 1423, bandwidth: 81, bitbucket_space: 451, jenkins_space: 125, artifactory_space: 1451, fortify_space: 85, teamcity_space: 220, bitbucket_bandwidth: 12.82, jenkins_bandwidth: 3.07, artifactory_bandwidth: 64.07
[2026-07-30 06:56:23] [INFO] [LOG_AGENT] [S3-BUCK] Performing multipart backup archiving snapshot sentinel_db_dump.sql (bandwidth: 84.5 MB/s)
[2026-07-30 06:56:33] [INFO] [INFRA_SIMULATOR] s3_storage | Status: Healthy | Metrics: latency: 15.41, space: 1420, bandwidth: 86, bitbucket_space: 450, jenkins_space: 125, artifactory_space: 1451, fortify_space: 85, teamcity_space: 220, bitbucket_bandwidth: 12.99, jenkins_bandwidth: 3.29, artifactory_bandwidth: 65.55
[2026-07-30 06:56:33] [INFO] [LOG_AGENT] [S3-BUCK] Performing multipart backup archiving snapshot sentinel_db_dump.sql (bandwidth: 84.5 MB/s)
[2026-07-30 06:56:43] [INFO] [INFRA_SIMULATOR] s3_storage | Status: Healthy | Metrics: latency: 14.97, space: 1421, bandwidth: 83, bitbucket_space: 451, jenkins_space: 125, artifactory_space: 1450, fortify_space: 85, teamcity_space: 220, bitbucket_bandwidth: 12.12, jenkins_bandwidth: 3.12, artifactory_bandwidth: 65.9
[2026-07-30 06:56:53] [INFO] [INFRA_SIMULATOR] s3_storage | Status: Healthy | Metrics: latency: 14.5, space: 1424, bandwidth: 85, bitbucket_space: 450, jenkins_space: 125, artifactory_space: 1451, fortify_space: 85, teamcity_space: 220, bitbucket_bandwidth: 12.81, jenkins_bandwidth: 3.1, artifactory_bandwidth: 64.43
[2026-07-30 06:56:53] [INFO] [LOG_AGENT] [S3-BUCK] Performing multipart backup archiving snapshot sentinel_db_dump.sql (bandwidth: 84.5 MB/s)
[2026-07-30 06:57:03] [INFO] [INFRA_SIMULATOR] s3_storage | Status: Healthy | Metrics: latency: 16.05, space: 1421, bandwidth: 86, bitbucket_space: 450, jenkins_space: 125, artifactory_space: 1451, fortify_space: 85, teamcity_space: 220, bitbucket_bandwidth: 12.23, jenkins_bandwidth: 2.98, artifactory_bandwidth: 64.1
[2026-07-30 06:57:03] [INFO] [LOG_AGENT] [S3-BUCK] Performing multipart backup archiving snapshot sentinel_db_dump.sql (bandwidth: 84.5 MB/s)
[2026-07-30 06:57:13] [INFO] [INFRA_SIMULATOR] s3_storage | Status: Healthy | Metrics: latency: 15.98, space: 1424, bandwidth: 83, bitbucket_space: 451, jenkins_space: 125, artifactory_space: 1450, fortify_space: 85, teamcity_space: 220, bitbucket_bandwidth: 12.25, jenkins_bandwidth: 3.44, artifactory_bandwidth: 62.83
[2026-07-30 06:57:13] [INFO] [LOG_AGENT] [S3-BUCK] Performing multipart backup archiving snapshot sentinel_db_dump.sql (bandwidth: 84.5 MB/s)
[2026-07-30 06:57:13] [INFO] [LOG_AGENT] [S3-BUCK] Performing multipart backup archiving snapshot sentinel_db_dump.sql (bandwidth: 84.5 MB/s)
[2026-07-30 06:57:23] [INFO] [INFRA_SIMULATOR] s3_storage | Status: Healthy | Metrics: latency: 14.55, space: 1424, bandwidth: 84, bitbucket_space: 451, jenkins_space: 125, artifactory_space: 1452, fortify_space: 85, teamcity_space: 220, bitbucket_bandwidth: 12.73, jenkins_bandwidth: 3.37, artifactory_bandwidth: 63.65
[2026-07-30 06:57:33] [INFO] [INFRA_SIMULATOR] s3_storage | Status: Healthy | Metrics: latency: 14.77, space: 1420, bandwidth: 82, bitbucket_space: 450, jenkins_space: 125, artifactory_space: 1452, fortify_space: 85, teamcity_space: 220, bitbucket_bandwidth: 12.64, jenkins_bandwidth: 3.36, artifactory_bandwidth: 65.93
[2026-07-30 06:57:33] [INFO] [LOG_AGENT] [S3-BUCK] Performing multipart backup archiving snapshot sentinel_db_dump.sql (bandwidth: 84.5 MB/s)
[2026-07-30 06:57:43] [INFO] [INFRA_SIMULATOR] s3_storage | Status: Healthy | Metrics: latency: 15.77, space: 1420, bandwidth: 83, bitbucket_space: 450, jenkins_space: 125, artifactory_space: 1452, fortify_space: 85, teamcity_space: 220, bitbucket_bandwidth: 12.55, jenkins_bandwidth: 2.95, artifactory_bandwidth: 63.35
[2026-07-30 06:57:53] [INFO] [INFRA_SIMULATOR] s3_storage | Status: Healthy | Metrics: latency: 15.05, space: 1420, bandwidth: 82, bitbucket_space: 451, jenkins_space: 125, artifactory_space: 1450, fortify_space: 85, teamcity_space: 220, bitbucket_bandwidth: 12.09, jenkins_bandwidth: 3.42, artifactory_bandwidth: 66.17
[2026-07-30 06:58:03] [INFO] [INFRA_SIMULATOR] s3_storage | Status: Healthy | Metrics: latency: 14.76, space: 1424, bandwidth: 87, bitbucket_space: 451, jenkins_space: 125, artifactory_space: 1450, fortify_space: 85, teamcity_space: 220, bitbucket_bandwidth: 12.01, jenkins_bandwidth: 3.32, artifactory_bandwidth: 62.82
[2026-07-30 06:58:13] [INFO] [INFRA_SIMULATOR] s3_storage | Status: Healthy | Metrics: latency: 15.38, space: 1422, bandwidth: 81, bitbucket_space: 451, jenkins_space: 125, artifactory_space: 1452, fortify_space: 85, teamcity_space: 220, bitbucket_bandwidth: 12.41, jenkins_bandwidth: 3.28, artifactory_bandwidth: 65.39
[2026-07-30 06:58:13] [INFO] [LOG_AGENT] [S3-BUCK] Performing multipart backup archiving snapshot sentinel_db_dump.sql (bandwidth: 84.5 MB/s)
[2026-07-30 06:58:23] [INFO] [INFRA_SIMULATOR] s3_storage | Status: Healthy | Metrics: latency: 15.03, space: 1420, bandwidth: 83, bitbucket_space: 450, jenkins_space: 125, artifactory_space: 1451, fortify_space: 85, teamcity_space: 220, bitbucket_bandwidth: 12.56, jenkins_bandwidth: 3.14, artifactory_bandwidth: 66.21
[2026-07-30 06:58:33] [INFO] [INFRA_SIMULATOR] s3_storage | Status: Healthy | Metrics: latency: 15.13, space: 1423, bandwidth: 86, bitbucket_space: 450, jenkins_space: 125, artifactory_space: 1451, fortify_space: 85, teamcity_space: 220, bitbucket_bandwidth: 12.2, jenkins_bandwidth: 3.12, artifactory_bandwidth: 65.3
[2026-07-30 06:58:43] [INFO] [INFRA_SIMULATOR] s3_storage | Status: Healthy | Metrics: latency: 16.15, space: 1424, bandwidth: 86, bitbucket_space: 451, jenkins_space: 125, artifactory_space: 1451, fortify_space: 85, teamcity_space: 220, bitbucket_bandwidth: 12.03, jenkins_bandwidth: 3.44, artifactory_bandwidth: 64.68
[2026-07-30 06:58:53] [INFO] [INFRA_SIMULATOR] s3_storage | Status: Healthy | Metrics: latency: 15.96, space: 1422, bandwidth: 84, bitbucket_space: 450, jenkins_space: 125, artifactory_space: 1451, fortify_space: 85, teamcity_space: 220, bitbucket_bandwidth: 12.6, jenkins_bandwidth: 3.18, artifactory_bandwidth: 66.37
[2026-07-30 06:58:53] [INFO] [LOG_AGENT] [S3-BUCK] Performing multipart backup archiving snapshot sentinel_db_dump.sql (bandwidth: 84.5 MB/s)
[2026-07-30 06:59:03] [INFO] [INFRA_SIMULATOR] s3_storage | Status: Healthy | Metrics: latency: 14.5, space: 1422, bandwidth: 82, bitbucket_space: 450, jenkins_space: 125, artifactory_space: 1452, fortify_space: 85, teamcity_space: 220, bitbucket_bandwidth: 12.73, jenkins_bandwidth: 2.96, artifactory_bandwidth: 64.91
[2026-07-30 06:59:03] [INFO] [LOG_AGENT] [S3-BUCK] Performing multipart backup archiving snapshot sentinel_db_dump.sql (bandwidth: 84.5 MB/s)
[2026-07-30 06:59:13] [INFO] [INFRA_SIMULATOR] s3_storage | Status: Healthy | Metrics: latency: 16.38, space: 1422, bandwidth: 85, bitbucket_space: 450, jenkins_space: 125, artifactory_space: 1451, fortify_space: 85, teamcity_space: 220, bitbucket_bandwidth: 12.96, jenkins_bandwidth: 2.99, artifactory_bandwidth: 64.72
[2026-07-30 06:59:23] [INFO] [INFRA_SIMULATOR] s3_storage | Status: Healthy | Metrics: latency: 15.81, space: 1423, bandwidth: 82, bitbucket_space: 450, jenkins_space: 125, artifactory_space: 1451, fortify_space: 85, teamcity_space: 220, bitbucket_bandwidth: 12.72, jenkins_bandwidth: 3.29, artifactory_bandwidth: 64.91
[2026-07-30 06:59:33] [INFO] [INFRA_SIMULATOR] s3_storage | Status: Healthy | Metrics: latency: 15.81, space: 1421, bandwidth: 86, bitbucket_space: 451, jenkins_space: 125, artifactory_space: 1452, fortify_space: 85, teamcity_space: 220, bitbucket_bandwidth: 12.84, jenkins_bandwidth: 3.45, artifactory_bandwidth: 64.05
[2026-07-30 06:59:43] [INFO] [INFRA_SIMULATOR] s3_storage | Status: Healthy | Metrics: latency: 14.5, space: 1422, bandwidth: 84, bitbucket_space: 450, jenkins_space: 125, artifactory_space: 1452, fortify_space: 85, teamcity_space: 220, bitbucket_bandwidth: 12.59, jenkins_bandwidth: 2.96, artifactory_bandwidth: 64.33
[2026-07-30 06:59:53] [INFO] [INFRA_SIMULATOR] s3_storage | Status: Healthy | Metrics: latency: 16.08, space: 1422, bandwidth: 87, bitbucket_space: 450, jenkins_space: 125, artifactory_space: 1452, fortify_space: 85, teamcity_space: 220, bitbucket_bandwidth: 12.83, jenkins_bandwidth: 3.36, artifactory_bandwidth: 66.14
[2026-07-30 07:00:03] [INFO] [INFRA_SIMULATOR] s3_storage | Status: Healthy | Metrics: latency: 14.88, space: 1423, bandwidth: 82, bitbucket_space: 451, jenkins_space: 125, artifactory_space: 1450, fortify_space: 85, teamcity_space: 220, bitbucket_bandwidth: 12.07, jenkins_bandwidth: 3.1, artifactory_bandwidth: 63.57
[2026-07-30 07:00:13] [INFO] [INFRA_SIMULATOR] s3_storage | Status: Healthy | Metrics: latency: 16.36, space: 1423, bandwidth: 84, bitbucket_space: 450, jenkins_space: 125, artifactory_space: 1450, fortify_space: 85, teamcity_space: 220, bitbucket_bandwidth: 12.67, jenkins_bandwidth: 3.06, artifactory_bandwidth: 66.56
[2026-07-30 07:00:23] [INFO] [INFRA_SIMULATOR] s3_storage | Status: Healthy | Metrics: latency: 15.06, space: 1424, bandwidth: 81, bitbucket_space: 451, jenkins_space: 125, artifactory_space: 1450, fortify_space: 85, teamcity_space: 220, bitbucket_bandwidth: 12.03, jenkins_bandwidth: 3.07, artifactory_bandwidth: 66.51
[2026-07-30 07:00:23] [INFO] [LOG_AGENT] [S3-BUCK] Performing multipart backup archiving snapshot sentinel_db_dump.sql (bandwidth: 84.5 MB/s)
[2026-07-30 07:00:33] [INFO] [INFRA_SIMULATOR] s3_storage | Status: Healthy | Metrics: latency: 15.46, space: 1421, bandwidth: 88, bitbucket_space: 451, jenkins_space: 125, artifactory_space: 1452, fortify_space: 85, teamcity_space: 220, bitbucket_bandwidth: 12.47, jenkins_bandwidth: 3.21, artifactory_bandwidth: 65.08
[2026-07-30 07:00:43] [INFO] [INFRA_SIMULATOR] s3_storage | Status: Healthy | Metrics: latency: 15.82, space: 1423, bandwidth: 84, bitbucket_space: 451, jenkins_space: 125, artifactory_space: 1452, fortify_space: 85, teamcity_space: 220, bitbucket_bandwidth: 12.61, jenkins_bandwidth: 3.06, artifactory_bandwidth: 65.38
[2026-07-30 07:00:53] [INFO] [INFRA_SIMULATOR] s3_storage | Status: Healthy | Metrics: latency: 15.16, space: 1420, bandwidth: 87, bitbucket_space: 451, jenkins_space: 125, artifactory_space: 1451, fortify_space: 85, teamcity_space: 220, bitbucket_bandwidth: 12.41, jenkins_bandwidth: 3.36, artifactory_bandwidth: 64.99
[2026-07-30 07:01:03] [INFO] [INFRA_SIMULATOR] s3_storage | Status: Healthy | Metrics: latency: 15.64, space: 1423, bandwidth: 88, bitbucket_space: 450, jenkins_space: 125, artifactory_space: 1451, fortify_space: 85, teamcity_space: 220, bitbucket_bandwidth: 12.74, jenkins_bandwidth: 3.06, artifactory_bandwidth: 66.69
[2026-07-30 07:01:13] [INFO] [INFRA_SIMULATOR] s3_storage | Status: Healthy | Metrics: latency: 14.4, space: 1421, bandwidth: 87, bitbucket_space: 450, jenkins_space: 125, artifactory_space: 1450, fortify_space: 85, teamcity_space: 220, bitbucket_bandwidth: 12.1, jenkins_bandwidth: 3.01, artifactory_bandwidth: 62.83
[2026-07-30 07:01:23] [INFO] [INFRA_SIMULATOR] s3_storage | Status: Healthy | Metrics: latency: 14.58, space: 1420, bandwidth: 82, bitbucket_space: 450, jenkins_space: 125, artifactory_space: 1452, fortify_space: 85, teamcity_space: 220, bitbucket_bandwidth: 12.48, jenkins_bandwidth: 3.34, artifactory_bandwidth: 64.99
[2026-07-30 07:01:33] [INFO] [INFRA_SIMULATOR] s3_storage | Status: Healthy | Metrics: latency: 15.52, space: 1424, bandwidth: 81, bitbucket_space: 450, jenkins_space: 125, artifactory_space: 1450, fortify_space: 85, teamcity_space: 220, bitbucket_bandwidth: 12.42, jenkins_bandwidth: 3.11, artifactory_bandwidth: 65.78
[2026-07-30 07:01:43] [INFO] [INFRA_SIMULATOR] s3_storage | Status: Healthy | Metrics: latency: 15.25, space: 1424, bandwidth: 81, bitbucket_space: 451, jenkins_space: 125, artifactory_space: 1452, fortify_space: 85, teamcity_space: 220, bitbucket_bandwidth: 12.19, jenkins_bandwidth: 3.2, artifactory_bandwidth: 65.97
[2026-07-30 07:01:53] [INFO] [INFRA_SIMULATOR] s3_storage | Status: Healthy | Metrics: latency: 15.78, space: 1422, bandwidth: 88, bitbucket_space: 450, jenkins_space: 125, artifactory_space: 1450, fortify_space: 85, teamcity_space: 220, bitbucket_bandwidth: 12.8, jenkins_bandwidth: 3.07, artifactory_bandwidth: 63.07
[2026-07-30 07:01:53] [INFO] [LOG_AGENT] [S3-BUCK] Performing multipart backup archiving snapshot sentinel_db_dump.sql (bandwidth: 84.5 MB/s)
[2026-07-30 07:02:03] [INFO] [INFRA_SIMULATOR] s3_storage | Status: Healthy | Metrics: latency: 15.33, space: 1422, bandwidth: 84, bitbucket_space: 450, jenkins_space: 125, artifactory_space: 1450, fortify_space: 85, teamcity_space: 220, bitbucket_bandwidth: 12.25, jenkins_bandwidth: 3.03, artifactory_bandwidth: 64.35
[2026-07-30 07:02:13] [INFO] [INFRA_SIMULATOR] s3_storage | Status: Healthy | Metrics: latency: 16, space: 1420, bandwidth: 88, bitbucket_space: 451, jenkins_space: 125, artifactory_space: 1452, fortify_space: 85, teamcity_space: 220, bitbucket_bandwidth: 12.48, jenkins_bandwidth: 3.2, artifactory_bandwidth: 65.33
[2026-07-30 07:02:13] [INFO] [LOG_AGENT] [S3-BUCK] Performing multipart backup archiving snapshot sentinel_db_dump.sql (bandwidth: 84.5 MB/s)
[2026-07-30 07:02:23] [INFO] [INFRA_SIMULATOR] s3_storage | Status: Healthy | Metrics: latency: 16.33, space: 1423, bandwidth: 83, bitbucket_space: 451, jenkins_space: 125, artifactory_space: 1451, fortify_space: 85, teamcity_space: 220, bitbucket_bandwidth: 12.01, jenkins_bandwidth: 3.15, artifactory_bandwidth: 65.04
[2026-07-30 07:02:33] [INFO] [INFRA_SIMULATOR] s3_storage | Status: Healthy | Metrics: latency: 14.69, space: 1421, bandwidth: 87, bitbucket_space: 450, jenkins_space: 125, artifactory_space: 1451, fortify_space: 85, teamcity_space: 220, bitbucket_bandwidth: 12.77, jenkins_bandwidth: 3.38, artifactory_bandwidth: 66.62
[2026-07-30 07:02:43] [INFO] [INFRA_SIMULATOR] s3_storage | Status: Healthy | Metrics: latency: 15.83, space: 1424, bandwidth: 88, bitbucket_space: 451, jenkins_space: 125, artifactory_space: 1451, fortify_space: 85, teamcity_space: 220, bitbucket_bandwidth: 12.96, jenkins_bandwidth: 3.36, artifactory_bandwidth: 63.96
[2026-07-30 07:02:43] [INFO] [LOG_AGENT] [S3-BUCK] Performing multipart backup archiving snapshot sentinel_db_dump.sql (bandwidth: 84.5 MB/s)
[2026-07-30 07:02:53] [INFO] [INFRA_SIMULATOR] s3_storage | Status: Healthy | Metrics: latency: 16.38, space: 1420, bandwidth: 84, bitbucket_space: 450, jenkins_space: 125, artifactory_space: 1450, fortify_space: 85, teamcity_space: 220, bitbucket_bandwidth: 12.96, jenkins_bandwidth: 3.08, artifactory_bandwidth: 63.64
[2026-07-30 07:03:03] [INFO] [INFRA_SIMULATOR] s3_storage | Status: Healthy | Metrics: latency: 14.89, space: 1422, bandwidth: 87, bitbucket_space: 451, jenkins_space: 125, artifactory_space: 1452, fortify_space: 85, teamcity_space: 220, bitbucket_bandwidth: 12.83, jenkins_bandwidth: 3.42, artifactory_bandwidth: 65.01
[2026-07-30 07:03:13] [INFO] [INFRA_SIMULATOR] s3_storage | Status: Healthy | Metrics: latency: 15.87, space: 1424, bandwidth: 83, bitbucket_space: 450, jenkins_space: 125, artifactory_space: 1451, fortify_space: 85, teamcity_space: 220, bitbucket_bandwidth: 12.83, jenkins_bandwidth: 3.24, artifactory_bandwidth: 64.15
[2026-07-30 07:03:23] [INFO] [INFRA_SIMULATOR] s3_storage | Status: Healthy | Metrics: latency: 15.59, space: 1422, bandwidth: 86, bitbucket_space: 451, jenkins_space: 125, artifactory_space: 1451, fortify_space: 85, teamcity_space: 220, bitbucket_bandwidth: 12.52, jenkins_bandwidth: 3.05, artifactory_bandwidth: 64.02
[2026-07-30 07:03:33] [INFO] [INFRA_SIMULATOR] s3_storage | Status: Healthy | Metrics: latency: 14.62, space: 1423, bandwidth: 82, bitbucket_space: 451, jenkins_space: 125, artifactory_space: 1452, fortify_space: 85, teamcity_space: 220, bitbucket_bandwidth: 12.54, jenkins_bandwidth: 3.34, artifactory_bandwidth: 63.51
[2026-07-30 07:03:33] [INFO] [LOG_AGENT] [S3-BUCK] Performing multipart backup archiving snapshot sentinel_db_dump.sql (bandwidth: 84.5 MB/s)
[2026-07-30 07:03:43] [INFO] [INFRA_SIMULATOR] s3_storage | Status: Healthy | Metrics: latency: 15.86, space: 1420, bandwidth: 81, bitbucket_space: 451, jenkins_space: 125, artifactory_space: 1450, fortify_space: 85, teamcity_space: 220, bitbucket_bandwidth: 12.01, jenkins_bandwidth: 3.18, artifactory_bandwidth: 64.06
[2026-07-30 07:03:53] [INFO] [INFRA_SIMULATOR] s3_storage | Status: Healthy | Metrics: latency: 14.79, space: 1422, bandwidth: 82, bitbucket_space: 450, jenkins_space: 125, artifactory_space: 1452, fortify_space: 85, teamcity_space: 220, bitbucket_bandwidth: 12.09, jenkins_bandwidth: 3.27, artifactory_bandwidth: 65.47
[2026-07-30 07:04:03] [INFO] [INFRA_SIMULATOR] s3_storage | Status: Healthy | Metrics: latency: 15.47, space: 1422, bandwidth: 88, bitbucket_space: 451, jenkins_space: 125, artifactory_space: 1450, fortify_space: 85, teamcity_space: 220, bitbucket_bandwidth: 12.26, jenkins_bandwidth: 3.01, artifactory_bandwidth: 65.96
[2026-07-30 07:04:13] [INFO] [INFRA_SIMULATOR] s3_storage | Status: Healthy | Metrics: latency: 14.88, space: 1423, bandwidth: 84, bitbucket_space: 450, jenkins_space: 125, artifactory_space: 1452, fortify_space: 85, teamcity_space: 220, bitbucket_bandwidth: 12.9, jenkins_bandwidth: 3.04, artifactory_bandwidth: 65.53
[2026-07-30 07:04:23] [INFO] [INFRA_SIMULATOR] s3_storage | Status: Healthy | Metrics: latency: 14.77, space: 1424, bandwidth: 84, bitbucket_space: 451, jenkins_space: 125, artifactory_space: 1452, fortify_space: 85, teamcity_space: 220, bitbucket_bandwidth: 12.59, jenkins_bandwidth: 3.36, artifactory_bandwidth: 64.13
[2026-07-30 07:04:33] [INFO] [INFRA_SIMULATOR] s3_storage | Status: Healthy | Metrics: latency: 15.84, space: 1423, bandwidth: 87, bitbucket_space: 451, jenkins_space: 125, artifactory_space: 1452, fortify_space: 85, teamcity_space: 220, bitbucket_bandwidth: 12.95, jenkins_bandwidth: 3.19, artifactory_bandwidth: 65.12
[2026-07-30 07:04:43] [INFO] [INFRA_SIMULATOR] s3_storage | Status: Healthy | Metrics: latency: 15.67, space: 1420, bandwidth: 87, bitbucket_space: 451, jenkins_space: 125, artifactory_space: 1450, fortify_space: 85, teamcity_space: 220, bitbucket_bandwidth: 12.81, jenkins_bandwidth: 3.12, artifactory_bandwidth: 63.77
[2026-07-30 07:04:53] [INFO] [INFRA_SIMULATOR] s3_storage | Status: Healthy | Metrics: latency: 15.4, space: 1424, bandwidth: 81, bitbucket_space: 450, jenkins_space: 125, artifactory_space: 1452, fortify_space: 85, teamcity_space: 220, bitbucket_bandwidth: 12.3, jenkins_bandwidth: 3.36, artifactory_bandwidth: 63.75
[2026-07-30 07:05:03] [INFO] [INFRA_SIMULATOR] s3_storage | Status: Healthy | Metrics: latency: 16.17, space: 1424, bandwidth: 85, bitbucket_space: 451, jenkins_space: 125, artifactory_space: 1450, fortify_space: 85, teamcity_space: 220, bitbucket_bandwidth: 12.85, jenkins_bandwidth: 3.35, artifactory_bandwidth: 64.04
[2026-07-30 07:05:13] [INFO] [INFRA_SIMULATOR] s3_storage | Status: Healthy | Metrics: latency: 16.11, space: 1423, bandwidth: 83, bitbucket_space: 450, jenkins_space: 125, artifactory_space: 1450, fortify_space: 85, teamcity_space: 220, bitbucket_bandwidth: 12.13, jenkins_bandwidth: 3.17, artifactory_bandwidth: 66.24
[2026-07-30 07:05:23] [INFO] [INFRA_SIMULATOR] s3_storage | Status: Healthy | Metrics: latency: 16.19, space: 1422, bandwidth: 85, bitbucket_space: 450, jenkins_space: 125, artifactory_space: 1451, fortify_space: 85, teamcity_space: 220, bitbucket_bandwidth: 12.27, jenkins_bandwidth: 3.41, artifactory_bandwidth: 65.35
[2026-07-30 07:05:33] [INFO] [INFRA_SIMULATOR] s3_storage | Status: Healthy | Metrics: latency: 15.91, space: 1424, bandwidth: 85, bitbucket_space: 451, jenkins_space: 125, artifactory_space: 1450, fortify_space: 85, teamcity_space: 220, bitbucket_bandwidth: 12.81, jenkins_bandwidth: 2.99, artifactory_bandwidth: 66.35
[2026-07-30 07:05:33] [INFO] [LOG_AGENT] [S3-BUCK] Performing multipart backup archiving snapshot sentinel_db_dump.sql (bandwidth: 84.5 MB/s)
[2026-07-30 07:05:43] [INFO] [INFRA_SIMULATOR] s3_storage | Status: Healthy | Metrics: latency: 14.77, space: 1421, bandwidth: 85, bitbucket_space: 451, jenkins_space: 125, artifactory_space: 1450, fortify_space: 85, teamcity_space: 220, bitbucket_bandwidth: 12.46, jenkins_bandwidth: 3.39, artifactory_bandwidth: 64.77
[2026-07-30 07:05:53] [INFO] [INFRA_SIMULATOR] s3_storage | Status: Healthy | Metrics: latency: 15.32, space: 1422, bandwidth: 87, bitbucket_space: 451, jenkins_space: 125, artifactory_space: 1450, fortify_space: 85, teamcity_space: 220, bitbucket_bandwidth: 12.9, jenkins_bandwidth: 2.97, artifactory_bandwidth: 66.06
[2026-07-30 07:06:03] [INFO] [INFRA_SIMULATOR] s3_storage | Status: Healthy | Metrics: latency: 15.48, space: 1423, bandwidth: 87, bitbucket_space: 450, jenkins_space: 125, artifactory_space: 1451, fortify_space: 85, teamcity_space: 220, bitbucket_bandwidth: 12.43, jenkins_bandwidth: 3.2, artifactory_bandwidth: 65.73
[2026-07-30 07:12:38] [INFO] [INFRA_SIMULATOR] s3_storage | Status: Healthy | Metrics: latency: 16.32, space: 1423, bandwidth: 82, bitbucket_space: 450, jenkins_space: 125, artifactory_space: 1451, fortify_space: 85, teamcity_space: 220, bitbucket_bandwidth: 12.17, jenkins_bandwidth: 3.18, artifactory_bandwidth: 66.22
[2026-07-30 07:12:48] [INFO] [INFRA_SIMULATOR] s3_storage | Status: Healthy | Metrics: latency: 14.44, space: 1422, bandwidth: 83, bitbucket_space: 450, jenkins_space: 125, artifactory_space: 1451, fortify_space: 85, teamcity_space: 220, bitbucket_bandwidth: 12.8, jenkins_bandwidth: 2.98, artifactory_bandwidth: 62.83
[2026-07-30 07:12:49] [INFO] [LOG_AGENT] [S3-BUCK] Performing multipart backup archiving snapshot sentinel_db_dump.sql (bandwidth: 84.5 MB/s)
[2026-07-30 07:12:58] [INFO] [INFRA_SIMULATOR] s3_storage | Status: Healthy | Metrics: latency: 14.82, space: 1422, bandwidth: 83, bitbucket_space: 451, jenkins_space: 125, artifactory_space: 1450, fortify_space: 85, teamcity_space: 220, bitbucket_bandwidth: 12.03, jenkins_bandwidth: 3.22, artifactory_bandwidth: 63.8
[2026-07-30 07:13:08] [INFO] [INFRA_SIMULATOR] s3_storage | Status: Healthy | Metrics: latency: 15.54, space: 1423, bandwidth: 82, bitbucket_space: 451, jenkins_space: 125, artifactory_space: 1450, fortify_space: 85, teamcity_space: 220, bitbucket_bandwidth: 12.33, jenkins_bandwidth: 3.08, artifactory_bandwidth: 62.88
[2026-07-30 07:13:18] [INFO] [INFRA_SIMULATOR] s3_storage | Status: Healthy | Metrics: latency: 16.1, space: 1421, bandwidth: 82, bitbucket_space: 450, jenkins_space: 125, artifactory_space: 1452, fortify_space: 85, teamcity_space: 220, bitbucket_bandwidth: 12.53, jenkins_bandwidth: 3.06, artifactory_bandwidth: 64.16
[2026-07-30 07:13:19] [INFO] [LOG_AGENT] [S3-BUCK] Performing multipart backup archiving snapshot sentinel_db_dump.sql (bandwidth: 84.5 MB/s)
[2026-07-30 07:13:29] [INFO] [INFRA_SIMULATOR] s3_storage | Status: Healthy | Metrics: latency: 15.17, space: 1423, bandwidth: 85, bitbucket_space: 451, jenkins_space: 125, artifactory_space: 1452, fortify_space: 85, teamcity_space: 220, bitbucket_bandwidth: 12.67, jenkins_bandwidth: 3.33, artifactory_bandwidth: 63.97
[2026-07-30 07:13:39] [INFO] [INFRA_SIMULATOR] s3_storage | Status: Healthy | Metrics: latency: 15.62, space: 1422, bandwidth: 81, bitbucket_space: 450, jenkins_space: 125, artifactory_space: 1450, fortify_space: 85, teamcity_space: 220, bitbucket_bandwidth: 12.58, jenkins_bandwidth: 3, artifactory_bandwidth: 63.19
[2026-07-30 07:13:49] [INFO] [INFRA_SIMULATOR] s3_storage | Status: Healthy | Metrics: latency: 16.16, space: 1423, bandwidth: 84, bitbucket_space: 451, jenkins_space: 125, artifactory_space: 1452, fortify_space: 85, teamcity_space: 220, bitbucket_bandwidth: 12.64, jenkins_bandwidth: 3.36, artifactory_bandwidth: 66.48
[2026-07-30 07:13:49] [INFO] [LOG_AGENT] [S3-BUCK] Performing multipart backup archiving snapshot sentinel_db_dump.sql (bandwidth: 84.5 MB/s)
[2026-07-30 07:13:59] [INFO] [INFRA_SIMULATOR] s3_storage | Status: Healthy | Metrics: latency: 16.32, space: 1424, bandwidth: 86, bitbucket_space: 450, jenkins_space: 125, artifactory_space: 1452, fortify_space: 85, teamcity_space: 220, bitbucket_bandwidth: 12.84, jenkins_bandwidth: 3.42, artifactory_bandwidth: 64.59
[2026-07-30 07:14:09] [INFO] [INFRA_SIMULATOR] s3_storage | Status: Healthy | Metrics: latency: 15.67, space: 1423, bandwidth: 81, bitbucket_space: 451, jenkins_space: 125, artifactory_space: 1450, fortify_space: 85, teamcity_space: 220, bitbucket_bandwidth: 12.17, jenkins_bandwidth: 3.01, artifactory_bandwidth: 64.39
[2026-07-30 07:14:19] [INFO] [INFRA_SIMULATOR] s3_storage | Status: Healthy | Metrics: latency: 14.41, space: 1424, bandwidth: 88, bitbucket_space: 451, jenkins_space: 125, artifactory_space: 1452, fortify_space: 85, teamcity_space: 220, bitbucket_bandwidth: 12.66, jenkins_bandwidth: 3.44, artifactory_bandwidth: 63.9
[2026-07-30 07:14:29] [INFO] [INFRA_SIMULATOR] s3_storage | Status: Healthy | Metrics: latency: 15.66, space: 1421, bandwidth: 81, bitbucket_space: 450, jenkins_space: 125, artifactory_space: 1450, fortify_space: 85, teamcity_space: 220, bitbucket_bandwidth: 12.88, jenkins_bandwidth: 3.06, artifactory_bandwidth: 66.55
[2026-07-30 07:14:39] [INFO] [INFRA_SIMULATOR] s3_storage | Status: Healthy | Metrics: latency: 16.13, space: 1420, bandwidth: 84, bitbucket_space: 451, jenkins_space: 125, artifactory_space: 1452, fortify_space: 85, teamcity_space: 220, bitbucket_bandwidth: 12.88, jenkins_bandwidth: 3.15, artifactory_bandwidth: 64.45
[2026-07-30 07:14:49] [INFO] [INFRA_SIMULATOR] s3_storage | Status: Healthy | Metrics: latency: 14.59, space: 1421, bandwidth: 88, bitbucket_space: 450, jenkins_space: 125, artifactory_space: 1451, fortify_space: 85, teamcity_space: 220, bitbucket_bandwidth: 12.31, jenkins_bandwidth: 2.96, artifactory_bandwidth: 65.21
[2026-07-30 07:14:49] [INFO] [LOG_AGENT] [S3-BUCK] Performing multipart backup archiving snapshot sentinel_db_dump.sql (bandwidth: 84.5 MB/s)
[2026-07-30 07:14:59] [INFO] [INFRA_SIMULATOR] s3_storage | Status: Healthy | Metrics: latency: 14.82, space: 1424, bandwidth: 84, bitbucket_space: 451, jenkins_space: 125, artifactory_space: 1451, fortify_space: 85, teamcity_space: 220, bitbucket_bandwidth: 12.5, jenkins_bandwidth: 3.31, artifactory_bandwidth: 64.99
[2026-07-30 07:15:09] [INFO] [INFRA_SIMULATOR] s3_storage | Status: Healthy | Metrics: latency: 16.15, space: 1423, bandwidth: 81, bitbucket_space: 450, jenkins_space: 125, artifactory_space: 1452, fortify_space: 85, teamcity_space: 220, bitbucket_bandwidth: 12.95, jenkins_bandwidth: 3.23, artifactory_bandwidth: 65.1
[2026-07-30 07:15:09] [INFO] [LOG_AGENT] [S3-BUCK] Performing multipart backup archiving snapshot sentinel_db_dump.sql (bandwidth: 84.5 MB/s)
[2026-07-30 07:15:19] [INFO] [INFRA_SIMULATOR] s3_storage | Status: Healthy | Metrics: latency: 16.34, space: 1423, bandwidth: 87, bitbucket_space: 450, jenkins_space: 125, artifactory_space: 1450, fortify_space: 85, teamcity_space: 220, bitbucket_bandwidth: 12.58, jenkins_bandwidth: 3.06, artifactory_bandwidth: 66.47
[2026-07-30 07:19:24] [INFO] [INFRA_SIMULATOR] s3_storage | Status: Healthy | Metrics: latency: 14.89, space: 1421, bandwidth: 84, bitbucket_space: 451, jenkins_space: 125, artifactory_space: 1450, fortify_space: 85, teamcity_space: 220, bitbucket_bandwidth: 12.33, jenkins_bandwidth: 3.04, artifactory_bandwidth: 66.08
[2026-07-30 07:19:35] [INFO] [INFRA_SIMULATOR] s3_storage | Status: Healthy | Metrics: latency: 15.09, space: 1422, bandwidth: 86, bitbucket_space: 451, jenkins_space: 125, artifactory_space: 1451, fortify_space: 85, teamcity_space: 220, bitbucket_bandwidth: 12.5, jenkins_bandwidth: 3.3, artifactory_bandwidth: 66.79
[2026-07-30 07:19:35] [INFO] [LOG_AGENT] [S3-BUCK] Performing multipart backup archiving snapshot sentinel_db_dump.sql (bandwidth: 84.5 MB/s)
[2026-07-30 07:19:45] [INFO] [INFRA_SIMULATOR] s3_storage | Status: Healthy | Metrics: latency: 15.79, space: 1421, bandwidth: 87, bitbucket_space: 450, jenkins_space: 125, artifactory_space: 1451, fortify_space: 85, teamcity_space: 220, bitbucket_bandwidth: 12.28, jenkins_bandwidth: 3.11, artifactory_bandwidth: 65.83
[2026-07-30 07:19:55] [INFO] [INFRA_SIMULATOR] s3_storage | Status: Healthy | Metrics: latency: 15.73, space: 1423, bandwidth: 88, bitbucket_space: 451, jenkins_space: 125, artifactory_space: 1450, fortify_space: 85, teamcity_space: 220, bitbucket_bandwidth: 12.46, jenkins_bandwidth: 3.26, artifactory_bandwidth: 63.3
[2026-07-30 07:20:05] [INFO] [INFRA_SIMULATOR] s3_storage | Status: Healthy | Metrics: latency: 15.98, space: 1422, bandwidth: 87, bitbucket_space: 451, jenkins_space: 125, artifactory_space: 1450, fortify_space: 85, teamcity_space: 220, bitbucket_bandwidth: 12.13, jenkins_bandwidth: 3.21, artifactory_bandwidth: 64.03
[2026-07-30 07:20:05] [INFO] [LOG_AGENT] [S3-BUCK] Performing multipart backup archiving snapshot sentinel_db_dump.sql (bandwidth: 84.5 MB/s)
[2026-07-30 07:20:15] [INFO] [INFRA_SIMULATOR] s3_storage | Status: Healthy | Metrics: latency: 15.41, space: 1423, bandwidth: 84, bitbucket_space: 451, jenkins_space: 125, artifactory_space: 1452, fortify_space: 85, teamcity_space: 220, bitbucket_bandwidth: 12.57, jenkins_bandwidth: 3.26, artifactory_bandwidth: 62.9
[2026-07-30 07:20:25] [INFO] [INFRA_SIMULATOR] s3_storage | Status: Healthy | Metrics: latency: 16.35, space: 1424, bandwidth: 82, bitbucket_space: 451, jenkins_space: 125, artifactory_space: 1451, fortify_space: 85, teamcity_space: 220, bitbucket_bandwidth: 12.65, jenkins_bandwidth: 3.38, artifactory_bandwidth: 64.43
[2026-07-30 07:20:35] [INFO] [INFRA_SIMULATOR] s3_storage | Status: Healthy | Metrics: latency: 15.97, space: 1424, bandwidth: 83, bitbucket_space: 451, jenkins_space: 125, artifactory_space: 1450, fortify_space: 85, teamcity_space: 220, bitbucket_bandwidth: 12.26, jenkins_bandwidth: 3.29, artifactory_bandwidth: 63.01
[2026-07-30 07:20:45] [INFO] [INFRA_SIMULATOR] s3_storage | Status: Healthy | Metrics: latency: 14.68, space: 1423, bandwidth: 83, bitbucket_space: 451, jenkins_space: 125, artifactory_space: 1450, fortify_space: 85, teamcity_space: 220, bitbucket_bandwidth: 12.11, jenkins_bandwidth: 3.33, artifactory_bandwidth: 65.43
[2026-07-30 07:20:45] [INFO] [LOG_AGENT] [S3-BUCK] Performing multipart backup archiving snapshot sentinel_db_dump.sql (bandwidth: 84.5 MB/s)
[2026-07-30 07:20:45] [INFO] [LOG_AGENT] [S3-BUCK] Performing multipart backup archiving snapshot sentinel_db_dump.sql (bandwidth: 84.5 MB/s)
[2026-07-30 07:20:55] [INFO] [INFRA_SIMULATOR] s3_storage | Status: Healthy | Metrics: latency: 15.94, space: 1420, bandwidth: 85, bitbucket_space: 450, jenkins_space: 125, artifactory_space: 1451, fortify_space: 85, teamcity_space: 220, bitbucket_bandwidth: 12.46, jenkins_bandwidth: 3.3, artifactory_bandwidth: 66.18
[2026-07-30 07:21:05] [INFO] [INFRA_SIMULATOR] s3_storage | Status: Healthy | Metrics: latency: 16.29, space: 1424, bandwidth: 84, bitbucket_space: 450, jenkins_space: 125, artifactory_space: 1450, fortify_space: 85, teamcity_space: 220, bitbucket_bandwidth: 12.25, jenkins_bandwidth: 3.06, artifactory_bandwidth: 63.37
[2026-07-30 07:21:05] [INFO] [LOG_AGENT] [S3-BUCK] Performing multipart backup archiving snapshot sentinel_db_dump.sql (bandwidth: 84.5 MB/s)
[2026-07-30 07:21:15] [INFO] [INFRA_SIMULATOR] s3_storage | Status: Healthy | Metrics: latency: 14.94, space: 1424, bandwidth: 82, bitbucket_space: 450, jenkins_space: 125, artifactory_space: 1451, fortify_space: 85, teamcity_space: 220, bitbucket_bandwidth: 12.37, jenkins_bandwidth: 3.44, artifactory_bandwidth: 65.88
[2026-07-30 07:21:25] [INFO] [INFRA_SIMULATOR] s3_storage | Status: Healthy | Metrics: latency: 16.01, space: 1423, bandwidth: 84, bitbucket_space: 450, jenkins_space: 125, artifactory_space: 1451, fortify_space: 85, teamcity_space: 220, bitbucket_bandwidth: 12.62, jenkins_bandwidth: 3.19, artifactory_bandwidth: 65.06
[2026-07-30 07:21:35] [INFO] [INFRA_SIMULATOR] s3_storage | Status: Healthy | Metrics: latency: 15.25, space: 1423, bandwidth: 87, bitbucket_space: 450, jenkins_space: 125, artifactory_space: 1452, fortify_space: 85, teamcity_space: 220, bitbucket_bandwidth: 12.11, jenkins_bandwidth: 3.17, artifactory_bandwidth: 63.41
[2026-07-30 07:21:45] [INFO] [INFRA_SIMULATOR] s3_storage | Status: Healthy | Metrics: latency: 16.15, space: 1421, bandwidth: 86, bitbucket_space: 451, jenkins_space: 125, artifactory_space: 1452, fortify_space: 85, teamcity_space: 220, bitbucket_bandwidth: 12.9, jenkins_bandwidth: 3.22, artifactory_bandwidth: 64.86
[2026-07-30 07:21:55] [INFO] [INFRA_SIMULATOR] s3_storage | Status: Healthy | Metrics: latency: 16.03, space: 1421, bandwidth: 85, bitbucket_space: 451, jenkins_space: 125, artifactory_space: 1451, fortify_space: 85, teamcity_space: 220, bitbucket_bandwidth: 12.4, jenkins_bandwidth: 3, artifactory_bandwidth: 66.42
[2026-07-30 07:22:05] [INFO] [INFRA_SIMULATOR] s3_storage | Status: Healthy | Metrics: latency: 16.23, space: 1422, bandwidth: 87, bitbucket_space: 450, jenkins_space: 125, artifactory_space: 1450, fortify_space: 85, teamcity_space: 220, bitbucket_bandwidth: 12.96, jenkins_bandwidth: 3.16, artifactory_bandwidth: 64.25
[2026-07-30 07:22:15] [INFO] [INFRA_SIMULATOR] s3_storage | Status: Healthy | Metrics: latency: 14.97, space: 1422, bandwidth: 83, bitbucket_space: 450, jenkins_space: 125, artifactory_space: 1451, fortify_space: 85, teamcity_space: 220, bitbucket_bandwidth: 12.94, jenkins_bandwidth: 3.08, artifactory_bandwidth: 65.1
[2026-07-30 07:22:25] [INFO] [INFRA_SIMULATOR] s3_storage | Status: Healthy | Metrics: latency: 16.26, space: 1420, bandwidth: 84, bitbucket_space: 450, jenkins_space: 125, artifactory_space: 1451, fortify_space: 85, teamcity_space: 220, bitbucket_bandwidth: 12.24, jenkins_bandwidth: 3.06, artifactory_bandwidth: 66.18
[2026-07-30 07:22:35] [INFO] [INFRA_SIMULATOR] s3_storage | Status: Healthy | Metrics: latency: 15.17, space: 1423, bandwidth: 82, bitbucket_space: 451, jenkins_space: 125, artifactory_space: 1452, fortify_space: 85, teamcity_space: 220, bitbucket_bandwidth: 12.28, jenkins_bandwidth: 3.33, artifactory_bandwidth: 64.65
[2026-07-30 07:22:45] [INFO] [INFRA_SIMULATOR] s3_storage | Status: Healthy | Metrics: latency: 15.18, space: 1421, bandwidth: 86, bitbucket_space: 451, jenkins_space: 125, artifactory_space: 1452, fortify_space: 85, teamcity_space: 220, bitbucket_bandwidth: 12.35, jenkins_bandwidth: 3.23, artifactory_bandwidth: 63.43
[2026-07-30 07:22:55] [INFO] [INFRA_SIMULATOR] s3_storage | Status: Healthy | Metrics: latency: 16.28, space: 1424, bandwidth: 81, bitbucket_space: 451, jenkins_space: 125, artifactory_space: 1452, fortify_space: 85, teamcity_space: 220, bitbucket_bandwidth: 12.11, jenkins_bandwidth: 3.19, artifactory_bandwidth: 64.63
[2026-07-30 07:23:05] [INFO] [INFRA_SIMULATOR] s3_storage | Status: Healthy | Metrics: latency: 14.47, space: 1422, bandwidth: 88, bitbucket_space: 450, jenkins_space: 125, artifactory_space: 1452, fortify_space: 85, teamcity_space: 220, bitbucket_bandwidth: 12.5, jenkins_bandwidth: 3.03, artifactory_bandwidth: 65.59
[2026-07-30 07:23:05] [INFO] [LOG_AGENT] [S3-BUCK] Performing multipart backup archiving snapshot sentinel_db_dump.sql (bandwidth: 84.5 MB/s)
[2026-07-30 07:23:05] [INFO] [LOG_AGENT] [S3-BUCK] Performing multipart backup archiving snapshot sentinel_db_dump.sql (bandwidth: 84.5 MB/s)
[2026-07-30 07:23:15] [INFO] [INFRA_SIMULATOR] s3_storage | Status: Healthy | Metrics: latency: 14.84, space: 1422, bandwidth: 84, bitbucket_space: 451, jenkins_space: 125, artifactory_space: 1451, fortify_space: 85, teamcity_space: 220, bitbucket_bandwidth: 12.59, jenkins_bandwidth: 3.09, artifactory_bandwidth: 64.02
[2026-07-30 07:23:25] [INFO] [INFRA_SIMULATOR] s3_storage | Status: Healthy | Metrics: latency: 14.87, space: 1422, bandwidth: 81, bitbucket_space: 450, jenkins_space: 125, artifactory_space: 1451, fortify_space: 85, teamcity_space: 220, bitbucket_bandwidth: 12.13, jenkins_bandwidth: 3.33, artifactory_bandwidth: 65.61
[2026-07-30 07:23:35] [INFO] [INFRA_SIMULATOR] s3_storage | Status: Healthy | Metrics: latency: 16.34, space: 1423, bandwidth: 84, bitbucket_space: 450, jenkins_space: 125, artifactory_space: 1450, fortify_space: 85, teamcity_space: 220, bitbucket_bandwidth: 12.12, jenkins_bandwidth: 3.2, artifactory_bandwidth: 63.61
[2026-07-30 07:23:45] [INFO] [INFRA_SIMULATOR] s3_storage | Status: Healthy | Metrics: latency: 15.43, space: 1422, bandwidth: 86, bitbucket_space: 450, jenkins_space: 125, artifactory_space: 1452, fortify_space: 85, teamcity_space: 220, bitbucket_bandwidth: 12.46, jenkins_bandwidth: 3.23, artifactory_bandwidth: 63.68
[2026-07-30 07:23:55] [INFO] [INFRA_SIMULATOR] s3_storage | Status: Healthy | Metrics: latency: 15.68, space: 1420, bandwidth: 86, bitbucket_space: 451, jenkins_space: 125, artifactory_space: 1450, fortify_space: 85, teamcity_space: 220, bitbucket_bandwidth: 12.43, jenkins_bandwidth: 3.27, artifactory_bandwidth: 65.03
[2026-07-30 07:24:05] [INFO] [INFRA_SIMULATOR] s3_storage | Status: Healthy | Metrics: latency: 15.48, space: 1424, bandwidth: 82, bitbucket_space: 450, jenkins_space: 125, artifactory_space: 1450, fortify_space: 85, teamcity_space: 220, bitbucket_bandwidth: 12.5, jenkins_bandwidth: 3.15, artifactory_bandwidth: 63.61
[2026-07-30 07:24:15] [INFO] [INFRA_SIMULATOR] s3_storage | Status: Healthy | Metrics: latency: 14.74, space: 1423, bandwidth: 83, bitbucket_space: 450, jenkins_space: 125, artifactory_space: 1452, fortify_space: 85, teamcity_space: 220, bitbucket_bandwidth: 12.52, jenkins_bandwidth: 3.34, artifactory_bandwidth: 62.96
[2026-07-30 07:24:25] [INFO] [INFRA_SIMULATOR] s3_storage | Status: Healthy | Metrics: latency: 16.21, space: 1423, bandwidth: 87, bitbucket_space: 451, jenkins_space: 125, artifactory_space: 1452, fortify_space: 85, teamcity_space: 220, bitbucket_bandwidth: 12.57, jenkins_bandwidth: 3.22, artifactory_bandwidth: 64.41
[2026-07-30 07:24:35] [INFO] [INFRA_SIMULATOR] s3_storage | Status: Healthy | Metrics: latency: 14.93, space: 1422, bandwidth: 86, bitbucket_space: 450, jenkins_space: 125, artifactory_space: 1451, fortify_space: 85, teamcity_space: 220, bitbucket_bandwidth: 12.77, jenkins_bandwidth: 3.26, artifactory_bandwidth: 64.46
[2026-07-30 07:24:35] [INFO] [LOG_AGENT] [S3-BUCK] Performing multipart backup archiving snapshot sentinel_db_dump.sql (bandwidth: 84.5 MB/s)
